[2020-04-07T22:18:52.457+0700][gc,heap] Heap region size: 1M
[2020-04-07T22:18:52.465+0700][gc     ] Using G1
[2020-04-07T22:18:52.465+0700][gc,heap,coops] Heap address: 0x00000007c0000000, size: 1024 MB, Compressed Oops mode: Zero based, Oop shift amount: 3
[2020-04-07T22:18:52.466+0700][gc,cds       ] Mark closed archive regions in map: [0x00000007fff00000, 0x00000007fff6fff8]
[2020-04-07T22:18:52.466+0700][gc,cds       ] Mark open archive regions in map: [0x00000007ffe00000, 0x00000007ffe47ff8]
[2020-04-07T22:18:52.480+0700][gc           ] Periodic GC disabled
[2020-04-07T22:19:04.303+0700][gc,heap,exit ] Heap
[2020-04-07T22:19:04.303+0700][gc,heap,exit ]  garbage-first heap   total 1048576K, used 38624K [0x00000007c0000000, 0x0000000800000000)
[2020-04-07T22:19:04.303+0700][gc,heap,exit ]   region size 1024K, 37 young (37888K), 0 survivors (0K)
[2020-04-07T22:19:04.303+0700][gc,heap,exit ]  Metaspace       used 11853K, capacity 12094K, committed 12288K, reserved 1060864K
[2020-04-07T22:19:04.303+0700][gc,heap,exit ]   class space    used 1681K, capacity 1774K, committed 1792K, reserved 1048576K
