[2020-04-11T10:06:01.267+0700][gc,heap] Heap region size: 1M
[2020-04-11T10:06:01.274+0700][gc     ] Using G1
[2020-04-11T10:06:01.274+0700][gc,heap,coops] Heap address: 0x00000007c0000000, size: 1024 MB, Compressed Oops mode: Zero based, Oop shift amount: 3
[2020-04-11T10:06:01.275+0700][gc,cds       ] Mark closed archive regions in map: [0x00000007fff00000, 0x00000007fff6fff8]
[2020-04-11T10:06:01.275+0700][gc,cds       ] Mark open archive regions in map: [0x00000007ffe00000, 0x00000007ffe47ff8]
[2020-04-11T10:06:01.290+0700][gc           ] Periodic GC disabled
[2020-04-11T10:06:07.293+0700][gc,start     ] GC(0) Pause Young (Normal) (G1 Evacuation Pause)
[2020-04-11T10:06:07.293+0700][gc,task      ] GC(0) Using 8 workers of 8 for evacuation
[2020-04-11T10:06:07.300+0700][gc,phases    ] GC(0)   Pre Evacuate Collection Set: 0.0ms
[2020-04-11T10:06:07.300+0700][gc,phases    ] GC(0)   Evacuate Collection Set: 6.5ms
[2020-04-11T10:06:07.300+0700][gc,phases    ] GC(0)   Post Evacuate Collection Set: 0.3ms
[2020-04-11T10:06:07.300+0700][gc,phases    ] GC(0)   Other: 0.5ms
[2020-04-11T10:06:07.300+0700][gc,heap      ] GC(0) Eden regions: 51->0(45)
[2020-04-11T10:06:07.300+0700][gc,heap      ] GC(0) Survivor regions: 0->6(7)
[2020-04-11T10:06:07.300+0700][gc,heap      ] GC(0) Old regions: 0->0
[2020-04-11T10:06:07.300+0700][gc,heap      ] GC(0) Archive regions: 2->2
[2020-04-11T10:06:07.300+0700][gc,heap      ] GC(0) Humongous regions: 1->1
[2020-04-11T10:06:07.300+0700][gc,metaspace ] GC(0) Metaspace: 15558K->15558K(1062912K)
[2020-04-11T10:06:07.300+0700][gc           ] GC(0) Pause Young (Normal) (G1 Evacuation Pause) 52M->6M(1024M) 7.429ms
[2020-04-11T10:06:07.300+0700][gc,cpu       ] GC(0) User=0.02s Sys=0.01s Real=0.01s
[2020-04-11T10:06:07.363+0700][gc,heap,exit ] Heap
[2020-04-11T10:06:07.363+0700][gc,heap,exit ]  garbage-first heap   total 1048576K, used 10102K [0x00000007c0000000, 0x0000000800000000)
[2020-04-11T10:06:07.363+0700][gc,heap,exit ]   region size 1024K, 10 young (10240K), 6 survivors (6144K)
[2020-04-11T10:06:07.363+0700][gc,heap,exit ]  Metaspace       used 16261K, capacity 16587K, committed 16896K, reserved 1064960K
[2020-04-11T10:06:07.363+0700][gc,heap,exit ]   class space    used 2177K, capacity 2288K, committed 2304K, reserved 1048576K
