[2020-04-14T10:57:25.896+0700][gc,heap] Heap region size: 1M
[2020-04-14T10:57:25.903+0700][gc     ] Using G1
[2020-04-14T10:57:25.903+0700][gc,heap,coops] Heap address: 0x00000007c0000000, size: 1024 MB, Compressed Oops mode: Zero based, Oop shift amount: 3
[2020-04-14T10:57:25.904+0700][gc,cds       ] Mark closed archive regions in map: [0x00000007fff00000, 0x00000007fff6fff8]
[2020-04-14T10:57:25.904+0700][gc,cds       ] Mark open archive regions in map: [0x00000007ffe00000, 0x00000007ffe47ff8]
[2020-04-14T10:57:25.918+0700][gc           ] Periodic GC disabled
[2020-04-14T10:57:32.187+0700][gc,start     ] GC(0) Pause Young (Normal) (G1 Evacuation Pause)
[2020-04-14T10:57:32.188+0700][gc,task      ] GC(0) Using 8 workers of 8 for evacuation
[2020-04-14T10:57:32.197+0700][gc,phases    ] GC(0)   Pre Evacuate Collection Set: 0.0ms
[2020-04-14T10:57:32.197+0700][gc,phases    ] GC(0)   Evacuate Collection Set: 8.3ms
[2020-04-14T10:57:32.197+0700][gc,phases    ] GC(0)   Post Evacuate Collection Set: 0.4ms
[2020-04-14T10:57:32.197+0700][gc,phases    ] GC(0)   Other: 0.6ms
[2020-04-14T10:57:32.197+0700][gc,heap      ] GC(0) Eden regions: 51->0(45)
[2020-04-14T10:57:32.197+0700][gc,heap      ] GC(0) Survivor regions: 0->6(7)
[2020-04-14T10:57:32.197+0700][gc,heap      ] GC(0) Old regions: 0->0
[2020-04-14T10:57:32.197+0700][gc,heap      ] GC(0) Archive regions: 2->2
[2020-04-14T10:57:32.197+0700][gc,heap      ] GC(0) Humongous regions: 1->1
[2020-04-14T10:57:32.197+0700][gc,metaspace ] GC(0) Metaspace: 15346K->15346K(1062912K)
[2020-04-14T10:57:32.197+0700][gc           ] GC(0) Pause Young (Normal) (G1 Evacuation Pause) 52M->7M(1024M) 9.493ms
[2020-04-14T10:57:32.197+0700][gc,cpu       ] GC(0) User=0.03s Sys=0.00s Real=0.01s
[2020-04-14T10:57:33.011+0700][gc,start     ] GC(1) Pause Young (Normal) (G1 Evacuation Pause)
[2020-04-14T10:57:33.012+0700][gc,task      ] GC(1) Using 8 workers of 8 for evacuation
[2020-04-14T10:57:33.018+0700][gc,phases    ] GC(1)   Pre Evacuate Collection Set: 0.0ms
[2020-04-14T10:57:33.018+0700][gc,phases    ] GC(1)   Evacuate Collection Set: 6.1ms
[2020-04-14T10:57:33.018+0700][gc,phases    ] GC(1)   Post Evacuate Collection Set: 0.5ms
[2020-04-14T10:57:33.018+0700][gc,phases    ] GC(1)   Other: 0.1ms
[2020-04-14T10:57:33.018+0700][gc,heap      ] GC(1) Eden regions: 45->0(48)
[2020-04-14T10:57:33.018+0700][gc,heap      ] GC(1) Survivor regions: 6->3(7)
[2020-04-14T10:57:33.018+0700][gc,heap      ] GC(1) Old regions: 0->6
[2020-04-14T10:57:33.018+0700][gc,heap      ] GC(1) Archive regions: 2->2
[2020-04-14T10:57:33.018+0700][gc,heap      ] GC(1) Humongous regions: 130->130
[2020-04-14T10:57:33.018+0700][gc,metaspace ] GC(1) Metaspace: 20512K->20512K(1067008K)
[2020-04-14T10:57:33.018+0700][gc           ] GC(1) Pause Young (Normal) (G1 Evacuation Pause) 181M->138M(1024M) 6.853ms
[2020-04-14T10:57:33.018+0700][gc,cpu       ] GC(1) User=0.04s Sys=0.01s Real=0.00s
[2020-04-14T10:57:33.019+0700][gc,start     ] GC(2) Pause Young (Concurrent Start) (Metadata GC Threshold)
[2020-04-14T10:57:33.019+0700][gc,task      ] GC(2) Using 8 workers of 8 for evacuation
[2020-04-14T10:57:33.022+0700][gc,phases    ] GC(2)   Pre Evacuate Collection Set: 0.0ms
[2020-04-14T10:57:33.022+0700][gc,phases    ] GC(2)   Evacuate Collection Set: 1.8ms
[2020-04-14T10:57:33.022+0700][gc,phases    ] GC(2)   Post Evacuate Collection Set: 0.2ms
[2020-04-14T10:57:33.022+0700][gc,phases    ] GC(2)   Other: 0.2ms
[2020-04-14T10:57:33.022+0700][gc,heap      ] GC(2) Eden regions: 1->0(48)
[2020-04-14T10:57:33.022+0700][gc,heap      ] GC(2) Survivor regions: 3->3(7)
[2020-04-14T10:57:33.022+0700][gc,heap      ] GC(2) Old regions: 6->6
[2020-04-14T10:57:33.022+0700][gc,heap      ] GC(2) Archive regions: 2->2
[2020-04-14T10:57:33.022+0700][gc,heap      ] GC(2) Humongous regions: 130->130
[2020-04-14T10:57:33.022+0700][gc,metaspace ] GC(2) Metaspace: 20532K->20532K(1067008K)
[2020-04-14T10:57:33.022+0700][gc           ] GC(2) Pause Young (Concurrent Start) (Metadata GC Threshold) 139M->138M(1024M) 2.336ms
[2020-04-14T10:57:33.022+0700][gc,cpu       ] GC(2) User=0.00s Sys=0.00s Real=0.01s
[2020-04-14T10:57:33.022+0700][gc           ] GC(3) Concurrent Cycle
[2020-04-14T10:57:33.022+0700][gc,marking   ] GC(3) Concurrent Clear Claimed Marks
[2020-04-14T10:57:33.022+0700][gc,marking   ] GC(3) Concurrent Clear Claimed Marks 0.015ms
[2020-04-14T10:57:33.022+0700][gc,marking   ] GC(3) Concurrent Scan Root Regions
[2020-04-14T10:57:33.023+0700][gc,marking   ] GC(3) Concurrent Scan Root Regions 1.035ms
[2020-04-14T10:57:33.023+0700][gc,marking   ] GC(3) Concurrent Mark (7.154s)
[2020-04-14T10:57:33.023+0700][gc,marking   ] GC(3) Concurrent Mark From Roots
[2020-04-14T10:57:33.023+0700][gc,task      ] GC(3) Using 2 workers of 2 for marking
[2020-04-14T10:57:33.029+0700][gc,marking   ] GC(3) Concurrent Mark From Roots 6.328ms
[2020-04-14T10:57:33.029+0700][gc,marking   ] GC(3) Concurrent Preclean
[2020-04-14T10:57:33.029+0700][gc,marking   ] GC(3) Concurrent Preclean 0.061ms
[2020-04-14T10:57:33.029+0700][gc,marking   ] GC(3) Concurrent Mark (7.154s, 7.161s) 6.448ms
[2020-04-14T10:57:33.030+0700][gc,start     ] GC(3) Pause Remark
[2020-04-14T10:57:33.030+0700][gc,stringtable] GC(3) Cleaned string table, strings: 6683 processed, 5 removed
[2020-04-14T10:57:33.030+0700][gc            ] GC(3) Pause Remark 138M->138M(1024M) 0.949ms
[2020-04-14T10:57:33.031+0700][gc,cpu        ] GC(3) User=0.01s Sys=0.00s Real=0.00s
[2020-04-14T10:57:33.031+0700][gc,marking    ] GC(3) Concurrent Rebuild Remembered Sets
[2020-04-14T10:57:33.034+0700][gc,marking    ] GC(3) Concurrent Rebuild Remembered Sets 3.516ms
[2020-04-14T10:57:33.034+0700][gc,start      ] GC(3) Pause Cleanup
[2020-04-14T10:57:33.034+0700][gc            ] GC(3) Pause Cleanup 139M->139M(1024M) 0.185ms
[2020-04-14T10:57:33.034+0700][gc,cpu        ] GC(3) User=0.00s Sys=0.00s Real=0.00s
[2020-04-14T10:57:33.034+0700][gc,marking    ] GC(3) Concurrent Cleanup for Next Mark
[2020-04-14T10:57:33.039+0700][gc,marking    ] GC(3) Concurrent Cleanup for Next Mark 4.969ms
[2020-04-14T10:57:33.039+0700][gc            ] GC(3) Concurrent Cycle 17.574ms
[2020-04-14T10:57:46.003+0700][gc,start      ] GC(4) Pause Young (Normal) (G1 Evacuation Pause)
[2020-04-14T10:57:46.003+0700][gc,task       ] GC(4) Using 8 workers of 8 for evacuation
[2020-04-14T10:57:46.006+0700][gc,phases     ] GC(4)   Pre Evacuate Collection Set: 0.0ms
[2020-04-14T10:57:46.006+0700][gc,phases     ] GC(4)   Evacuate Collection Set: 2.7ms
[2020-04-14T10:57:46.006+0700][gc,phases     ] GC(4)   Post Evacuate Collection Set: 0.3ms
[2020-04-14T10:57:46.006+0700][gc,phases     ] GC(4)   Other: 0.2ms
[2020-04-14T10:57:46.006+0700][gc,heap       ] GC(4) Eden regions: 48->0(47)
[2020-04-14T10:57:46.006+0700][gc,heap       ] GC(4) Survivor regions: 3->4(7)
[2020-04-14T10:57:46.006+0700][gc,heap       ] GC(4) Old regions: 6->6
[2020-04-14T10:57:46.006+0700][gc,heap       ] GC(4) Archive regions: 2->2
[2020-04-14T10:57:46.006+0700][gc,heap       ] GC(4) Humongous regions: 136->130
[2020-04-14T10:57:46.006+0700][gc,metaspace  ] GC(4) Metaspace: 26023K->26023K(1073152K)
[2020-04-14T10:57:46.006+0700][gc            ] GC(4) Pause Young (Normal) (G1 Evacuation Pause) 192M->139M(1024M) 3.376ms
[2020-04-14T10:57:46.006+0700][gc,cpu        ] GC(4) User=0.02s Sys=0.00s Real=0.00s
[2020-04-14T11:17:07.746+0700][gc,start      ] GC(5) Pause Young (Normal) (G1 Evacuation Pause)
[2020-04-14T11:17:07.746+0700][gc,task       ] GC(5) Using 8 workers of 8 for evacuation
[2020-04-14T11:17:07.752+0700][gc,phases     ] GC(5)   Pre Evacuate Collection Set: 0.0ms
[2020-04-14T11:17:07.752+0700][gc,phases     ] GC(5)   Evacuate Collection Set: 5.5ms
[2020-04-14T11:17:07.752+0700][gc,phases     ] GC(5)   Post Evacuate Collection Set: 0.4ms
[2020-04-14T11:17:07.752+0700][gc,phases     ] GC(5)   Other: 0.4ms
[2020-04-14T11:17:07.752+0700][gc,heap       ] GC(5) Eden regions: 47->0(48)
[2020-04-14T11:17:07.752+0700][gc,heap       ] GC(5) Survivor regions: 4->3(7)
[2020-04-14T11:17:07.752+0700][gc,heap       ] GC(5) Old regions: 6->8
[2020-04-14T11:17:07.752+0700][gc,heap       ] GC(5) Archive regions: 2->2
[2020-04-14T11:17:07.752+0700][gc,heap       ] GC(5) Humongous regions: 130->130
[2020-04-14T11:17:07.752+0700][gc,metaspace  ] GC(5) Metaspace: 27431K->27431K(1073152K)
[2020-04-14T11:17:07.752+0700][gc            ] GC(5) Pause Young (Normal) (G1 Evacuation Pause) 186M->140M(1024M) 6.529ms
[2020-04-14T11:17:07.752+0700][gc,cpu        ] GC(5) User=0.04s Sys=0.00s Real=0.01s
[2020-04-14T11:31:40.535+0700][gc,start      ] GC(6) Pause Young (Normal) (G1 Evacuation Pause)
[2020-04-14T11:31:40.535+0700][gc,task       ] GC(6) Using 8 workers of 8 for evacuation
[2020-04-14T11:31:40.541+0700][gc,phases     ] GC(6)   Pre Evacuate Collection Set: 0.0ms
[2020-04-14T11:31:40.541+0700][gc,phases     ] GC(6)   Evacuate Collection Set: 4.6ms
[2020-04-14T11:31:40.541+0700][gc,phases     ] GC(6)   Post Evacuate Collection Set: 0.5ms
[2020-04-14T11:31:40.541+0700][gc,phases     ] GC(6)   Other: 0.4ms
[2020-04-14T11:31:40.541+0700][gc,heap       ] GC(6) Eden regions: 48->0(47)
[2020-04-14T11:31:40.541+0700][gc,heap       ] GC(6) Survivor regions: 3->4(7)
[2020-04-14T11:31:40.541+0700][gc,heap       ] GC(6) Old regions: 8->8
[2020-04-14T11:31:40.541+0700][gc,heap       ] GC(6) Archive regions: 2->2
[2020-04-14T11:31:40.541+0700][gc,heap       ] GC(6) Humongous regions: 130->130
[2020-04-14T11:31:40.541+0700][gc,metaspace  ] GC(6) Metaspace: 27889K->27889K(1075200K)
[2020-04-14T11:31:40.541+0700][gc            ] GC(6) Pause Young (Normal) (G1 Evacuation Pause) 188M->141M(1024M) 5.733ms
[2020-04-14T11:31:40.541+0700][gc,cpu        ] GC(6) User=0.03s Sys=0.00s Real=0.01s
[2020-04-14T11:42:41.018+0700][gc,start      ] GC(7) Pause Young (Normal) (G1 Evacuation Pause)
[2020-04-14T11:42:41.018+0700][gc,task       ] GC(7) Using 8 workers of 8 for evacuation
[2020-04-14T11:42:41.024+0700][gc,phases     ] GC(7)   Pre Evacuate Collection Set: 0.0ms
[2020-04-14T11:42:41.024+0700][gc,phases     ] GC(7)   Evacuate Collection Set: 4.7ms
[2020-04-14T11:42:41.024+0700][gc,phases     ] GC(7)   Post Evacuate Collection Set: 0.3ms
[2020-04-14T11:42:41.024+0700][gc,phases     ] GC(7)   Other: 0.3ms
[2020-04-14T11:42:41.024+0700][gc,heap       ] GC(7) Eden regions: 47->0(47)
[2020-04-14T11:42:41.024+0700][gc,heap       ] GC(7) Survivor regions: 4->4(7)
[2020-04-14T11:42:41.024+0700][gc,heap       ] GC(7) Old regions: 8->8
[2020-04-14T11:42:41.024+0700][gc,heap       ] GC(7) Archive regions: 2->2
[2020-04-14T11:42:41.024+0700][gc,heap       ] GC(7) Humongous regions: 130->130
[2020-04-14T11:42:41.024+0700][gc,metaspace  ] GC(7) Metaspace: 28019K->28019K(1075200K)
[2020-04-14T11:42:41.024+0700][gc            ] GC(7) Pause Young (Normal) (G1 Evacuation Pause) 188M->141M(1024M) 5.632ms
[2020-04-14T11:42:41.024+0700][gc,cpu        ] GC(7) User=0.04s Sys=0.00s Real=0.01s
[2020-04-14T11:54:02.909+0700][gc,start      ] GC(8) Pause Young (Normal) (G1 Evacuation Pause)
[2020-04-14T11:54:02.910+0700][gc,task       ] GC(8) Using 8 workers of 8 for evacuation
[2020-04-14T11:54:02.916+0700][gc,phases     ] GC(8)   Pre Evacuate Collection Set: 0.0ms
[2020-04-14T11:54:02.916+0700][gc,phases     ] GC(8)   Evacuate Collection Set: 6.0ms
[2020-04-14T11:54:02.916+0700][gc,phases     ] GC(8)   Post Evacuate Collection Set: 0.5ms
[2020-04-14T11:54:02.916+0700][gc,phases     ] GC(8)   Other: 0.4ms
[2020-04-14T11:54:02.916+0700][gc,heap       ] GC(8) Eden regions: 47->0(48)
[2020-04-14T11:54:02.916+0700][gc,heap       ] GC(8) Survivor regions: 4->3(7)
[2020-04-14T11:54:02.916+0700][gc,heap       ] GC(8) Old regions: 8->9
[2020-04-14T11:54:02.916+0700][gc,heap       ] GC(8) Archive regions: 2->2
[2020-04-14T11:54:02.917+0700][gc,heap       ] GC(8) Humongous regions: 130->130
[2020-04-14T11:54:02.917+0700][gc,metaspace  ] GC(8) Metaspace: 28069K->28069K(1075200K)
[2020-04-14T11:54:02.917+0700][gc            ] GC(8) Pause Young (Normal) (G1 Evacuation Pause) 188M->142M(1024M) 7.140ms
[2020-04-14T11:54:02.917+0700][gc,cpu        ] GC(8) User=0.05s Sys=0.00s Real=0.01s
[2020-04-14T12:05:02.930+0700][gc,start      ] GC(9) Pause Young (Normal) (G1 Evacuation Pause)
[2020-04-14T12:05:02.930+0700][gc,task       ] GC(9) Using 8 workers of 8 for evacuation
[2020-04-14T12:05:02.934+0700][gc,phases     ] GC(9)   Pre Evacuate Collection Set: 0.0ms
[2020-04-14T12:05:02.934+0700][gc,phases     ] GC(9)   Evacuate Collection Set: 3.4ms
[2020-04-14T12:05:02.934+0700][gc,phases     ] GC(9)   Post Evacuate Collection Set: 0.3ms
[2020-04-14T12:05:02.934+0700][gc,phases     ] GC(9)   Other: 0.3ms
[2020-04-14T12:05:02.934+0700][gc,heap       ] GC(9) Eden regions: 48->0(54)
[2020-04-14T12:05:02.934+0700][gc,heap       ] GC(9) Survivor regions: 3->4(7)
[2020-04-14T12:05:02.934+0700][gc,heap       ] GC(9) Old regions: 9->9
[2020-04-14T12:05:02.934+0700][gc,heap       ] GC(9) Archive regions: 2->2
[2020-04-14T12:05:02.934+0700][gc,heap       ] GC(9) Humongous regions: 130->130
[2020-04-14T12:05:02.934+0700][gc,metaspace  ] GC(9) Metaspace: 28217K->28217K(1075200K)
[2020-04-14T12:05:02.934+0700][gc            ] GC(9) Pause Young (Normal) (G1 Evacuation Pause) 190M->142M(1024M) 4.177ms
[2020-04-14T12:05:02.934+0700][gc,cpu        ] GC(9) User=0.03s Sys=0.01s Real=0.00s
[2020-04-14T12:18:38.822+0700][gc,start      ] GC(10) Pause Young (Normal) (G1 Evacuation Pause)
[2020-04-14T12:18:38.822+0700][gc,task       ] GC(10) Using 8 workers of 8 for evacuation
[2020-04-14T12:18:38.825+0700][gc,phases     ] GC(10)   Pre Evacuate Collection Set: 0.0ms
[2020-04-14T12:18:38.825+0700][gc,phases     ] GC(10)   Evacuate Collection Set: 2.5ms
[2020-04-14T12:18:38.825+0700][gc,phases     ] GC(10)   Post Evacuate Collection Set: 0.2ms
[2020-04-14T12:18:38.825+0700][gc,phases     ] GC(10)   Other: 0.2ms
[2020-04-14T12:18:38.825+0700][gc,heap       ] GC(10) Eden regions: 54->0(70)
[2020-04-14T12:18:38.825+0700][gc,heap       ] GC(10) Survivor regions: 4->4(8)
[2020-04-14T12:18:38.825+0700][gc,heap       ] GC(10) Old regions: 9->9
[2020-04-14T12:18:38.825+0700][gc,heap       ] GC(10) Archive regions: 2->2
[2020-04-14T12:18:38.825+0700][gc,heap       ] GC(10) Humongous regions: 130->130
[2020-04-14T12:18:38.825+0700][gc,metaspace  ] GC(10) Metaspace: 28227K->28227K(1075200K)
[2020-04-14T12:18:38.825+0700][gc            ] GC(10) Pause Young (Normal) (G1 Evacuation Pause) 196M->143M(1024M) 3.040ms
[2020-04-14T12:18:38.825+0700][gc,cpu        ] GC(10) User=0.02s Sys=0.00s Real=0.00s
[2020-04-14T12:36:17.960+0700][gc,start      ] GC(11) Pause Young (Normal) (G1 Evacuation Pause)
[2020-04-14T12:36:17.960+0700][gc,task       ] GC(11) Using 8 workers of 8 for evacuation
[2020-04-14T12:36:17.967+0700][gc,phases     ] GC(11)   Pre Evacuate Collection Set: 0.0ms
[2020-04-14T12:36:17.967+0700][gc,phases     ] GC(11)   Evacuate Collection Set: 6.0ms
[2020-04-14T12:36:17.967+0700][gc,phases     ] GC(11)   Post Evacuate Collection Set: 0.4ms
[2020-04-14T12:36:17.967+0700][gc,phases     ] GC(11)   Other: 0.4ms
[2020-04-14T12:36:17.967+0700][gc,heap       ] GC(11) Eden regions: 70->0(76)
[2020-04-14T12:36:17.967+0700][gc,heap       ] GC(11) Survivor regions: 4->4(10)
[2020-04-14T12:36:17.967+0700][gc,heap       ] GC(11) Old regions: 9->9
[2020-04-14T12:36:17.967+0700][gc,heap       ] GC(11) Archive regions: 2->2
[2020-04-14T12:36:17.967+0700][gc,heap       ] GC(11) Humongous regions: 130->130
[2020-04-14T12:36:17.967+0700][gc,metaspace  ] GC(11) Metaspace: 28236K->28236K(1075200K)
[2020-04-14T12:36:17.967+0700][gc            ] GC(11) Pause Young (Normal) (G1 Evacuation Pause) 213M->143M(1024M) 7.080ms
[2020-04-14T12:36:17.967+0700][gc,cpu        ] GC(11) User=0.04s Sys=0.00s Real=0.00s
[2020-04-14T13:03:16.732+0700][gc,start      ] GC(12) Pause Young (Normal) (G1 Evacuation Pause)
[2020-04-14T13:03:16.733+0700][gc,task       ] GC(12) Using 8 workers of 8 for evacuation
[2020-04-14T13:03:16.741+0700][gc,phases     ] GC(12)   Pre Evacuate Collection Set: 0.0ms
[2020-04-14T13:03:16.741+0700][gc,phases     ] GC(12)   Evacuate Collection Set: 7.4ms
[2020-04-14T13:03:16.741+0700][gc,phases     ] GC(12)   Post Evacuate Collection Set: 0.4ms
[2020-04-14T13:03:16.741+0700][gc,phases     ] GC(12)   Other: 0.4ms
[2020-04-14T13:03:16.741+0700][gc,heap       ] GC(12) Eden regions: 76->0(83)
[2020-04-14T13:03:16.741+0700][gc,heap       ] GC(12) Survivor regions: 4->5(10)
[2020-04-14T13:03:16.741+0700][gc,heap       ] GC(12) Old regions: 9->9
[2020-04-14T13:03:16.741+0700][gc,heap       ] GC(12) Archive regions: 2->2
[2020-04-14T13:03:16.741+0700][gc,heap       ] GC(12) Humongous regions: 130->130
[2020-04-14T13:03:16.741+0700][gc,metaspace  ] GC(12) Metaspace: 28651K->28651K(1075200K)
[2020-04-14T13:03:16.741+0700][gc            ] GC(12) Pause Young (Normal) (G1 Evacuation Pause) 219M->143M(1024M) 8.500ms
[2020-04-14T13:03:16.741+0700][gc,cpu        ] GC(12) User=0.04s Sys=0.01s Real=0.01s
[2020-04-14T13:23:19.929+0700][gc,start      ] GC(13) Pause Young (Normal) (G1 Evacuation Pause)
[2020-04-14T13:23:19.929+0700][gc,task       ] GC(13) Using 8 workers of 8 for evacuation
[2020-04-14T13:23:19.936+0700][gc,phases     ] GC(13)   Pre Evacuate Collection Set: 0.0ms
[2020-04-14T13:23:19.936+0700][gc,phases     ] GC(13)   Evacuate Collection Set: 6.1ms
[2020-04-14T13:23:19.936+0700][gc,phases     ] GC(13)   Post Evacuate Collection Set: 0.5ms
[2020-04-14T13:23:19.936+0700][gc,phases     ] GC(13)   Other: 0.4ms
[2020-04-14T13:23:19.936+0700][gc,heap       ] GC(13) Eden regions: 83->0(609)
[2020-04-14T13:23:19.936+0700][gc,heap       ] GC(13) Survivor regions: 5->5(11)
[2020-04-14T13:23:19.936+0700][gc,heap       ] GC(13) Old regions: 9->9
[2020-04-14T13:23:19.936+0700][gc,heap       ] GC(13) Archive regions: 2->2
[2020-04-14T13:23:19.936+0700][gc,heap       ] GC(13) Humongous regions: 130->130
[2020-04-14T13:23:19.936+0700][gc,metaspace  ] GC(13) Metaspace: 28669K->28669K(1075200K)
[2020-04-14T13:23:19.936+0700][gc            ] GC(13) Pause Young (Normal) (G1 Evacuation Pause) 226M->143M(1024M) 7.308ms
[2020-04-14T13:23:19.936+0700][gc,cpu        ] GC(13) User=0.04s Sys=0.01s Real=0.01s
[2020-04-14T14:59:02.613+0700][gc,start      ] GC(14) Pause Young (Normal) (G1 Evacuation Pause)
[2020-04-14T14:59:02.613+0700][gc,task       ] GC(14) Using 8 workers of 8 for evacuation
[2020-04-14T14:59:02.620+0700][gc,phases     ] GC(14)   Pre Evacuate Collection Set: 0.0ms
[2020-04-14T14:59:02.620+0700][gc,phases     ] GC(14)   Evacuate Collection Set: 5.4ms
[2020-04-14T14:59:02.620+0700][gc,phases     ] GC(14)   Post Evacuate Collection Set: 0.4ms
[2020-04-14T14:59:02.620+0700][gc,phases     ] GC(14)   Other: 0.4ms
[2020-04-14T14:59:02.620+0700][gc,heap       ] GC(14) Eden regions: 380->0(609)
[2020-04-14T14:59:02.620+0700][gc,heap       ] GC(14) Survivor regions: 5->5(49)
[2020-04-14T14:59:02.620+0700][gc,heap       ] GC(14) Old regions: 9->9
[2020-04-14T14:59:02.620+0700][gc,heap       ] GC(14) Archive regions: 2->2
[2020-04-14T14:59:02.620+0700][gc,heap       ] GC(14) Humongous regions: 130->130
[2020-04-14T14:59:02.620+0700][gc,metaspace  ] GC(14) Metaspace: 28973K->28973K(1075200K)
[2020-04-14T14:59:02.620+0700][gc            ] GC(14) Pause Young (Normal) (G1 Evacuation Pause) 523M->143M(1024M) 6.403ms
[2020-04-14T14:59:02.620+0700][gc,cpu        ] GC(14) User=0.04s Sys=0.00s Real=0.01s
[2020-04-14T14:59:03.765+0700][gc,heap,exit  ] Heap
[2020-04-14T14:59:03.765+0700][gc,heap,exit  ]  garbage-first heap   total 1048576K, used 151399K [0x00000007c0000000, 0x0000000800000000)
[2020-04-14T14:59:03.765+0700][gc,heap,exit  ]   region size 1024K, 10 young (10240K), 5 survivors (5120K)
[2020-04-14T14:59:03.765+0700][gc,heap,exit  ]  Metaspace       used 29172K, capacity 29531K, committed 30336K, reserved 1075200K
[2020-04-14T14:59:03.765+0700][gc,heap,exit  ]   class space    used 3799K, capacity 3935K, committed 3968K, reserved 1048576K
