[2020-04-17T11:59:43.817+0700][gc,heap] Heap region size: 1M
[2020-04-17T11:59:43.825+0700][gc     ] Using G1
[2020-04-17T11:59:43.825+0700][gc,heap,coops] Heap address: 0x00000007c0000000, size: 1024 MB, Compressed Oops mode: Zero based, Oop shift amount: 3
[2020-04-17T11:59:43.825+0700][gc,cds       ] Mark closed archive regions in map: [0x00000007fff00000, 0x00000007fff6fff8]
[2020-04-17T11:59:43.825+0700][gc,cds       ] Mark open archive regions in map: [0x00000007ffe00000, 0x00000007ffe47ff8]
[2020-04-17T11:59:43.839+0700][gc           ] Periodic GC disabled
[2020-04-17T11:59:49.939+0700][gc,start     ] GC(0) Pause Young (Normal) (G1 Evacuation Pause)
[2020-04-17T11:59:49.939+0700][gc,task      ] GC(0) Using 8 workers of 8 for evacuation
[2020-04-17T11:59:49.946+0700][gc,phases    ] GC(0)   Pre Evacuate Collection Set: 0.0ms
[2020-04-17T11:59:49.946+0700][gc,phases    ] GC(0)   Evacuate Collection Set: 6.5ms
[2020-04-17T11:59:49.946+0700][gc,phases    ] GC(0)   Post Evacuate Collection Set: 0.3ms
[2020-04-17T11:59:49.946+0700][gc,phases    ] GC(0)   Other: 0.4ms
[2020-04-17T11:59:49.946+0700][gc,heap      ] GC(0) Eden regions: 51->0(45)
[2020-04-17T11:59:49.946+0700][gc,heap      ] GC(0) Survivor regions: 0->6(7)
[2020-04-17T11:59:49.946+0700][gc,heap      ] GC(0) Old regions: 0->0
[2020-04-17T11:59:49.946+0700][gc,heap      ] GC(0) Archive regions: 2->2
[2020-04-17T11:59:49.946+0700][gc,heap      ] GC(0) Humongous regions: 1->1
[2020-04-17T11:59:49.946+0700][gc,metaspace ] GC(0) Metaspace: 15564K->15564K(1062912K)
[2020-04-17T11:59:49.946+0700][gc           ] GC(0) Pause Young (Normal) (G1 Evacuation Pause) 52M->6M(1024M) 7.356ms
[2020-04-17T11:59:49.946+0700][gc,cpu       ] GC(0) User=0.03s Sys=0.01s Real=0.01s
[2020-04-17T11:59:50.416+0700][gc,start     ] GC(1) Pause Young (Concurrent Start) (Metadata GC Threshold)
[2020-04-17T11:59:50.416+0700][gc,task      ] GC(1) Using 8 workers of 8 for evacuation
[2020-04-17T11:59:50.423+0700][gc,phases    ] GC(1)   Pre Evacuate Collection Set: 0.0ms
[2020-04-17T11:59:50.423+0700][gc,phases    ] GC(1)   Evacuate Collection Set: 6.5ms
[2020-04-17T11:59:50.423+0700][gc,phases    ] GC(1)   Post Evacuate Collection Set: 0.3ms
[2020-04-17T11:59:50.423+0700][gc,phases    ] GC(1)   Other: 0.2ms
[2020-04-17T11:59:50.423+0700][gc,heap      ] GC(1) Eden regions: 30->0(48)
[2020-04-17T11:59:50.423+0700][gc,heap      ] GC(1) Survivor regions: 6->3(7)
[2020-04-17T11:59:50.423+0700][gc,heap      ] GC(1) Old regions: 0->6
[2020-04-17T11:59:50.423+0700][gc,heap      ] GC(1) Archive regions: 2->2
[2020-04-17T11:59:50.423+0700][gc,heap      ] GC(1) Humongous regions: 130->130
[2020-04-17T11:59:50.423+0700][gc,metaspace ] GC(1) Metaspace: 20564K->20564K(1067008K)
[2020-04-17T11:59:50.423+0700][gc           ] GC(1) Pause Young (Concurrent Start) (Metadata GC Threshold) 165M->138M(1024M) 7.149ms
[2020-04-17T11:59:50.423+0700][gc,cpu       ] GC(1) User=0.02s Sys=0.00s Real=0.01s
[2020-04-17T11:59:50.423+0700][gc           ] GC(2) Concurrent Cycle
[2020-04-17T11:59:50.423+0700][gc,marking   ] GC(2) Concurrent Clear Claimed Marks
[2020-04-17T11:59:50.423+0700][gc,marking   ] GC(2) Concurrent Clear Claimed Marks 0.022ms
[2020-04-17T11:59:50.423+0700][gc,marking   ] GC(2) Concurrent Scan Root Regions
[2020-04-17T11:59:50.425+0700][gc,marking   ] GC(2) Concurrent Scan Root Regions 2.165ms
[2020-04-17T11:59:50.425+0700][gc,marking   ] GC(2) Concurrent Mark (6.636s)
[2020-04-17T11:59:50.425+0700][gc,marking   ] GC(2) Concurrent Mark From Roots
[2020-04-17T11:59:50.425+0700][gc,task      ] GC(2) Using 2 workers of 2 for marking
[2020-04-17T11:59:50.427+0700][gc,marking   ] GC(2) Concurrent Mark From Roots 1.149ms
[2020-04-17T11:59:50.427+0700][gc,marking   ] GC(2) Concurrent Preclean
[2020-04-17T11:59:50.427+0700][gc,marking   ] GC(2) Concurrent Preclean 0.026ms
[2020-04-17T11:59:50.427+0700][gc,marking   ] GC(2) Concurrent Mark (6.636s, 6.638s) 1.215ms
[2020-04-17T11:59:50.427+0700][gc,start     ] GC(2) Pause Remark
[2020-04-17T11:59:50.427+0700][gc,stringtable] GC(2) Cleaned string table, strings: 6565 processed, 0 removed
[2020-04-17T11:59:50.428+0700][gc            ] GC(2) Pause Remark 139M->139M(1024M) 0.734ms
[2020-04-17T11:59:50.428+0700][gc,cpu        ] GC(2) User=0.01s Sys=0.00s Real=0.00s
[2020-04-17T11:59:50.428+0700][gc,marking    ] GC(2) Concurrent Rebuild Remembered Sets
[2020-04-17T11:59:50.429+0700][gc,marking    ] GC(2) Concurrent Rebuild Remembered Sets 1.613ms
[2020-04-17T11:59:50.429+0700][gc,start      ] GC(2) Pause Cleanup
[2020-04-17T11:59:50.430+0700][gc            ] GC(2) Pause Cleanup 139M->139M(1024M) 0.124ms
[2020-04-17T11:59:50.430+0700][gc,cpu        ] GC(2) User=0.00s Sys=0.00s Real=0.01s
[2020-04-17T11:59:50.430+0700][gc,marking    ] GC(2) Concurrent Cleanup for Next Mark
[2020-04-17T11:59:50.435+0700][gc,marking    ] GC(2) Concurrent Cleanup for Next Mark 5.197ms
[2020-04-17T11:59:50.435+0700][gc            ] GC(2) Concurrent Cycle 11.672ms
[2020-04-17T11:59:51.732+0700][gc,start      ] GC(3) Pause Young (Normal) (G1 Evacuation Pause)
[2020-04-17T11:59:51.732+0700][gc,task       ] GC(3) Using 8 workers of 8 for evacuation
[2020-04-17T11:59:51.734+0700][gc,phases     ] GC(3)   Pre Evacuate Collection Set: 0.0ms
[2020-04-17T11:59:51.734+0700][gc,phases     ] GC(3)   Evacuate Collection Set: 2.4ms
[2020-04-17T11:59:51.734+0700][gc,phases     ] GC(3)   Post Evacuate Collection Set: 0.2ms
[2020-04-17T11:59:51.734+0700][gc,phases     ] GC(3)   Other: 0.2ms
[2020-04-17T11:59:51.734+0700][gc,heap       ] GC(3) Eden regions: 48->0(47)
[2020-04-17T11:59:51.734+0700][gc,heap       ] GC(3) Survivor regions: 3->4(7)
[2020-04-17T11:59:51.734+0700][gc,heap       ] GC(3) Old regions: 6->6
[2020-04-17T11:59:51.734+0700][gc,heap       ] GC(3) Archive regions: 2->2
[2020-04-17T11:59:51.734+0700][gc,heap       ] GC(3) Humongous regions: 136->136
[2020-04-17T11:59:51.734+0700][gc,metaspace  ] GC(3) Metaspace: 25010K->25010K(1071104K)
[2020-04-17T11:59:51.734+0700][gc            ] GC(3) Pause Young (Normal) (G1 Evacuation Pause) 192M->145M(1024M) 2.844ms
[2020-04-17T11:59:51.734+0700][gc,cpu        ] GC(3) User=0.02s Sys=0.00s Real=0.00s
[2020-04-17T12:03:39.737+0700][gc,start      ] GC(4) Pause Young (Normal) (G1 Evacuation Pause)
[2020-04-17T12:03:39.737+0700][gc,task       ] GC(4) Using 8 workers of 8 for evacuation
[2020-04-17T12:03:39.742+0700][gc,phases     ] GC(4)   Pre Evacuate Collection Set: 0.0ms
[2020-04-17T12:03:39.742+0700][gc,phases     ] GC(4)   Evacuate Collection Set: 3.7ms
[2020-04-17T12:03:39.742+0700][gc,phases     ] GC(4)   Post Evacuate Collection Set: 0.4ms
[2020-04-17T12:03:39.742+0700][gc,phases     ] GC(4)   Other: 0.3ms
[2020-04-17T12:03:39.742+0700][gc,heap       ] GC(4) Eden regions: 47->0(46)
[2020-04-17T12:03:39.742+0700][gc,heap       ] GC(4) Survivor regions: 4->5(7)
[2020-04-17T12:03:39.742+0700][gc,heap       ] GC(4) Old regions: 6->6
[2020-04-17T12:03:39.742+0700][gc,heap       ] GC(4) Archive regions: 2->2
[2020-04-17T12:03:39.742+0700][gc,heap       ] GC(4) Humongous regions: 136->130
[2020-04-17T12:03:39.742+0700][gc,metaspace  ] GC(4) Metaspace: 27840K->27840K(1075200K)
[2020-04-17T12:03:39.742+0700][gc            ] GC(4) Pause Young (Normal) (G1 Evacuation Pause) 192M->140M(1024M) 4.626ms
[2020-04-17T12:03:39.742+0700][gc,cpu        ] GC(4) User=0.03s Sys=0.00s Real=0.01s
[2020-04-17T12:13:35.743+0700][gc,start      ] GC(5) Pause Young (Normal) (G1 Evacuation Pause)
[2020-04-17T12:13:35.743+0700][gc,task       ] GC(5) Using 8 workers of 8 for evacuation
[2020-04-17T12:13:35.749+0700][gc,phases     ] GC(5)   Pre Evacuate Collection Set: 0.0ms
[2020-04-17T12:13:35.749+0700][gc,phases     ] GC(5)   Evacuate Collection Set: 6.0ms
[2020-04-17T12:13:35.749+0700][gc,phases     ] GC(5)   Post Evacuate Collection Set: 0.4ms
[2020-04-17T12:13:35.750+0700][gc,phases     ] GC(5)   Other: 0.4ms
[2020-04-17T12:13:35.750+0700][gc,heap       ] GC(5) Eden regions: 46->0(47)
[2020-04-17T12:13:35.750+0700][gc,heap       ] GC(5) Survivor regions: 5->4(7)
[2020-04-17T12:13:35.750+0700][gc,heap       ] GC(5) Old regions: 6->8
[2020-04-17T12:13:35.750+0700][gc,heap       ] GC(5) Archive regions: 2->2
[2020-04-17T12:13:35.750+0700][gc,heap       ] GC(5) Humongous regions: 130->130
[2020-04-17T12:13:35.750+0700][gc,metaspace  ] GC(5) Metaspace: 28244K->28244K(1075200K)
[2020-04-17T12:13:35.750+0700][gc            ] GC(5) Pause Young (Normal) (G1 Evacuation Pause) 186M->141M(1024M) 7.088ms
[2020-04-17T12:13:35.750+0700][gc,cpu        ] GC(5) User=0.05s Sys=0.00s Real=0.01s
[2020-04-17T12:24:00.381+0700][gc,start      ] GC(6) Pause Young (Normal) (G1 Evacuation Pause)
[2020-04-17T12:24:00.381+0700][gc,task       ] GC(6) Using 8 workers of 8 for evacuation
[2020-04-17T12:24:00.384+0700][gc,phases     ] GC(6)   Pre Evacuate Collection Set: 0.1ms
[2020-04-17T12:24:00.384+0700][gc,phases     ] GC(6)   Evacuate Collection Set: 2.8ms
[2020-04-17T12:24:00.384+0700][gc,phases     ] GC(6)   Post Evacuate Collection Set: 0.3ms
[2020-04-17T12:24:00.384+0700][gc,phases     ] GC(6)   Other: 0.3ms
[2020-04-17T12:24:00.384+0700][gc,heap       ] GC(6) Eden regions: 47->0(47)
[2020-04-17T12:24:00.384+0700][gc,heap       ] GC(6) Survivor regions: 4->4(7)
[2020-04-17T12:24:00.384+0700][gc,heap       ] GC(6) Old regions: 8->8
[2020-04-17T12:24:00.384+0700][gc,heap       ] GC(6) Archive regions: 2->2
[2020-04-17T12:24:00.384+0700][gc,heap       ] GC(6) Humongous regions: 130->130
[2020-04-17T12:24:00.384+0700][gc,metaspace  ] GC(6) Metaspace: 28421K->28421K(1075200K)
[2020-04-17T12:24:00.384+0700][gc            ] GC(6) Pause Young (Normal) (G1 Evacuation Pause) 188M->141M(1024M) 3.608ms
[2020-04-17T12:24:00.384+0700][gc,cpu        ] GC(6) User=0.02s Sys=0.00s Real=0.00s
[2020-04-17T12:34:40.448+0700][gc,start      ] GC(7) Pause Young (Normal) (G1 Evacuation Pause)
[2020-04-17T12:34:40.448+0700][gc,task       ] GC(7) Using 8 workers of 8 for evacuation
[2020-04-17T12:34:40.455+0700][gc,phases     ] GC(7)   Pre Evacuate Collection Set: 0.0ms
[2020-04-17T12:34:40.455+0700][gc,phases     ] GC(7)   Evacuate Collection Set: 5.9ms
[2020-04-17T12:34:40.455+0700][gc,phases     ] GC(7)   Post Evacuate Collection Set: 0.5ms
[2020-04-17T12:34:40.455+0700][gc,phases     ] GC(7)   Other: 0.4ms
[2020-04-17T12:34:40.455+0700][gc,heap       ] GC(7) Eden regions: 47->0(50)
[2020-04-17T12:34:40.455+0700][gc,heap       ] GC(7) Survivor regions: 4->4(7)
[2020-04-17T12:34:40.455+0700][gc,heap       ] GC(7) Old regions: 8->8
[2020-04-17T12:34:40.455+0700][gc,heap       ] GC(7) Archive regions: 2->2
[2020-04-17T12:34:40.455+0700][gc,heap       ] GC(7) Humongous regions: 130->130
[2020-04-17T12:34:40.455+0700][gc,metaspace  ] GC(7) Metaspace: 28533K->28533K(1075200K)
[2020-04-17T12:34:40.455+0700][gc            ] GC(7) Pause Young (Normal) (G1 Evacuation Pause) 188M->142M(1024M) 7.148ms
[2020-04-17T12:34:40.455+0700][gc,cpu        ] GC(7) User=0.04s Sys=0.00s Real=0.01s
[2020-04-17T12:46:26.691+0700][gc,start      ] GC(8) Pause Young (Normal) (G1 Evacuation Pause)
[2020-04-17T12:46:26.691+0700][gc,task       ] GC(8) Using 8 workers of 8 for evacuation
[2020-04-17T12:46:26.697+0700][gc,phases     ] GC(8)   Pre Evacuate Collection Set: 0.0ms
[2020-04-17T12:46:26.697+0700][gc,phases     ] GC(8)   Evacuate Collection Set: 5.5ms
[2020-04-17T12:46:26.697+0700][gc,phases     ] GC(8)   Post Evacuate Collection Set: 0.6ms
[2020-04-17T12:46:26.697+0700][gc,phases     ] GC(8)   Other: 0.3ms
[2020-04-17T12:46:26.697+0700][gc,heap       ] GC(8) Eden regions: 50->0(59)
[2020-04-17T12:46:26.697+0700][gc,heap       ] GC(8) Survivor regions: 4->4(7)
[2020-04-17T12:46:26.697+0700][gc,heap       ] GC(8) Old regions: 8->9
[2020-04-17T12:46:26.698+0700][gc,heap       ] GC(8) Archive regions: 2->2
[2020-04-17T12:46:26.698+0700][gc,heap       ] GC(8) Humongous regions: 130->130
[2020-04-17T12:46:26.698+0700][gc,metaspace  ] GC(8) Metaspace: 28641K->28641K(1075200K)
[2020-04-17T12:46:26.698+0700][gc            ] GC(8) Pause Young (Normal) (G1 Evacuation Pause) 192M->142M(1024M) 6.717ms
[2020-04-17T12:46:26.698+0700][gc,cpu        ] GC(8) User=0.04s Sys=0.01s Real=0.00s
[2020-04-17T12:59:52.363+0700][gc,start      ] GC(9) Pause Young (Normal) (G1 Evacuation Pause)
[2020-04-17T12:59:52.363+0700][gc,task       ] GC(9) Using 8 workers of 8 for evacuation
[2020-04-17T12:59:52.368+0700][gc,phases     ] GC(9)   Pre Evacuate Collection Set: 0.0ms
[2020-04-17T12:59:52.368+0700][gc,phases     ] GC(9)   Evacuate Collection Set: 4.1ms
[2020-04-17T12:59:52.368+0700][gc,phases     ] GC(9)   Post Evacuate Collection Set: 0.4ms
[2020-04-17T12:59:52.368+0700][gc,phases     ] GC(9)   Other: 0.3ms
[2020-04-17T12:59:52.368+0700][gc,heap       ] GC(9) Eden regions: 59->0(306)
[2020-04-17T12:59:52.368+0700][gc,heap       ] GC(9) Survivor regions: 4->4(8)
[2020-04-17T12:59:52.368+0700][gc,heap       ] GC(9) Old regions: 9->9
[2020-04-17T12:59:52.368+0700][gc,heap       ] GC(9) Archive regions: 2->2
[2020-04-17T12:59:52.368+0700][gc,heap       ] GC(9) Humongous regions: 130->130
[2020-04-17T12:59:52.368+0700][gc,metaspace  ] GC(9) Metaspace: 28686K->28686K(1075200K)
[2020-04-17T12:59:52.368+0700][gc            ] GC(9) Pause Young (Normal) (G1 Evacuation Pause) 201M->142M(1024M) 4.995ms
[2020-04-17T12:59:52.368+0700][gc,cpu        ] GC(9) User=0.03s Sys=0.00s Real=0.00s
[2020-04-17T14:12:36.792+0700][gc,start      ] GC(10) Pause Young (Normal) (G1 Evacuation Pause)
[2020-04-17T14:12:36.793+0700][gc,task       ] GC(10) Using 8 workers of 8 for evacuation
[2020-04-17T14:12:36.799+0700][gc,phases     ] GC(10)   Pre Evacuate Collection Set: 0.0ms
[2020-04-17T14:12:36.799+0700][gc,phases     ] GC(10)   Evacuate Collection Set: 5.0ms
[2020-04-17T14:12:36.799+0700][gc,phases     ] GC(10)   Post Evacuate Collection Set: 0.6ms
[2020-04-17T14:12:36.799+0700][gc,phases     ] GC(10)   Other: 0.9ms
[2020-04-17T14:12:36.799+0700][gc,heap       ] GC(10) Eden regions: 306->0(474)
[2020-04-17T14:12:36.799+0700][gc,heap       ] GC(10) Survivor regions: 4->4(39)
[2020-04-17T14:12:36.799+0700][gc,heap       ] GC(10) Old regions: 9->9
[2020-04-17T14:12:36.799+0700][gc,heap       ] GC(10) Archive regions: 2->2
[2020-04-17T14:12:36.799+0700][gc,heap       ] GC(10) Humongous regions: 130->130
[2020-04-17T14:12:36.799+0700][gc,metaspace  ] GC(10) Metaspace: 28785K->28785K(1075200K)
[2020-04-17T14:12:36.799+0700][gc            ] GC(10) Pause Young (Normal) (G1 Evacuation Pause) 448M->142M(1024M) 6.845ms
[2020-04-17T14:12:36.799+0700][gc,cpu        ] GC(10) User=0.03s Sys=0.00s Real=0.00s
[2020-04-17T15:52:45.428+0700][gc,start      ] GC(11) Pause Young (Normal) (G1 Evacuation Pause)
[2020-04-17T15:52:45.428+0700][gc,task       ] GC(11) Using 8 workers of 8 for evacuation
[2020-04-17T15:52:45.436+0700][gc,phases     ] GC(11)   Pre Evacuate Collection Set: 0.0ms
[2020-04-17T15:52:45.436+0700][gc,phases     ] GC(11)   Evacuate Collection Set: 6.3ms
[2020-04-17T15:52:45.436+0700][gc,phases     ] GC(11)   Post Evacuate Collection Set: 0.6ms
[2020-04-17T15:52:45.436+0700][gc,phases     ] GC(11)   Other: 1.0ms
[2020-04-17T15:52:45.436+0700][gc,heap       ] GC(11) Eden regions: 419->0(549)
[2020-04-17T15:52:45.436+0700][gc,heap       ] GC(11) Survivor regions: 4->4(53)
[2020-04-17T15:52:45.436+0700][gc,heap       ] GC(11) Old regions: 9->9
[2020-04-17T15:52:45.436+0700][gc,heap       ] GC(11) Archive regions: 2->2
[2020-04-17T15:52:45.436+0700][gc,heap       ] GC(11) Humongous regions: 130->130
[2020-04-17T15:52:45.436+0700][gc,metaspace  ] GC(11) Metaspace: 29115K->29115K(1075200K)
[2020-04-17T15:52:45.436+0700][gc            ] GC(11) Pause Young (Normal) (G1 Evacuation Pause) 561M->143M(1024M) 8.165ms
[2020-04-17T15:52:45.436+0700][gc,cpu        ] GC(11) User=0.04s Sys=0.00s Real=0.01s
[2020-04-17T15:52:46.775+0700][gc,heap,exit  ] Heap
[2020-04-17T15:52:46.775+0700][gc,heap,exit  ]  garbage-first heap   total 1048576K, used 151615K [0x00000007c0000000, 0x0000000800000000)
[2020-04-17T15:52:46.775+0700][gc,heap,exit  ]   region size 1024K, 10 young (10240K), 4 survivors (4096K)
[2020-04-17T15:52:46.775+0700][gc,heap,exit  ]  Metaspace       used 29353K, capacity 29754K, committed 30464K, reserved 1075200K
[2020-04-17T15:52:46.775+0700][gc,heap,exit  ]   class space    used 3840K, capacity 3965K, committed 4096K, reserved 1048576K
