[2020-04-11T10:06:12.378+0700][gc,heap] Heap region size: 1M
[2020-04-11T10:06:12.386+0700][gc     ] Using G1
[2020-04-11T10:06:12.386+0700][gc,heap,coops] Heap address: 0x00000007c0000000, size: 1024 MB, Compressed Oops mode: Zero based, Oop shift amount: 3
[2020-04-11T10:06:12.386+0700][gc,cds       ] Mark closed archive regions in map: [0x00000007fff00000, 0x00000007fff6fff8]
[2020-04-11T10:06:12.386+0700][gc,cds       ] Mark open archive regions in map: [0x00000007ffe00000, 0x00000007ffe47ff8]
[2020-04-11T10:06:12.401+0700][gc           ] Periodic GC disabled
[2020-04-11T10:06:18.213+0700][gc,start     ] GC(0) Pause Young (Normal) (G1 Evacuation Pause)
[2020-04-11T10:06:18.213+0700][gc,task      ] GC(0) Using 8 workers of 8 for evacuation
[2020-04-11T10:06:18.220+0700][gc,phases    ] GC(0)   Pre Evacuate Collection Set: 0.0ms
[2020-04-11T10:06:18.220+0700][gc,phases    ] GC(0)   Evacuate Collection Set: 6.5ms
[2020-04-11T10:06:18.220+0700][gc,phases    ] GC(0)   Post Evacuate Collection Set: 0.3ms
[2020-04-11T10:06:18.220+0700][gc,phases    ] GC(0)   Other: 0.4ms
[2020-04-11T10:06:18.220+0700][gc,heap      ] GC(0) Eden regions: 51->0(45)
[2020-04-11T10:06:18.220+0700][gc,heap      ] GC(0) Survivor regions: 0->6(7)
[2020-04-11T10:06:18.220+0700][gc,heap      ] GC(0) Old regions: 0->0
[2020-04-11T10:06:18.220+0700][gc,heap      ] GC(0) Archive regions: 2->2
[2020-04-11T10:06:18.220+0700][gc,heap      ] GC(0) Humongous regions: 1->1
[2020-04-11T10:06:18.220+0700][gc,metaspace ] GC(0) Metaspace: 15557K->15557K(1062912K)
[2020-04-11T10:06:18.220+0700][gc           ] GC(0) Pause Young (Normal) (G1 Evacuation Pause) 52M->6M(1024M) 7.307ms
[2020-04-11T10:06:18.220+0700][gc,cpu       ] GC(0) User=0.03s Sys=0.01s Real=0.01s
[2020-04-11T10:06:18.758+0700][gc,start     ] GC(1) Pause Young (Concurrent Start) (Metadata GC Threshold)
[2020-04-11T10:06:18.758+0700][gc,task      ] GC(1) Using 8 workers of 8 for evacuation
[2020-04-11T10:06:18.766+0700][gc,phases    ] GC(1)   Pre Evacuate Collection Set: 0.0ms
[2020-04-11T10:06:18.766+0700][gc,phases    ] GC(1)   Evacuate Collection Set: 7.0ms
[2020-04-11T10:06:18.766+0700][gc,phases    ] GC(1)   Post Evacuate Collection Set: 0.4ms
[2020-04-11T10:06:18.766+0700][gc,phases    ] GC(1)   Other: 0.2ms
[2020-04-11T10:06:18.766+0700][gc,heap      ] GC(1) Eden regions: 30->0(48)
[2020-04-11T10:06:18.766+0700][gc,heap      ] GC(1) Survivor regions: 6->3(7)
[2020-04-11T10:06:18.766+0700][gc,heap      ] GC(1) Old regions: 0->6
[2020-04-11T10:06:18.766+0700][gc,heap      ] GC(1) Archive regions: 2->2
[2020-04-11T10:06:18.766+0700][gc,heap      ] GC(1) Humongous regions: 130->130
[2020-04-11T10:06:18.766+0700][gc,metaspace ] GC(1) Metaspace: 20548K->20548K(1067008K)
[2020-04-11T10:06:18.766+0700][gc           ] GC(1) Pause Young (Concurrent Start) (Metadata GC Threshold) 165M->138M(1024M) 7.736ms
[2020-04-11T10:06:18.766+0700][gc,cpu       ] GC(1) User=0.03s Sys=0.00s Real=0.01s
[2020-04-11T10:06:18.766+0700][gc           ] GC(2) Concurrent Cycle
[2020-04-11T10:06:18.766+0700][gc,marking   ] GC(2) Concurrent Clear Claimed Marks
[2020-04-11T10:06:18.766+0700][gc,marking   ] GC(2) Concurrent Clear Claimed Marks 0.022ms
[2020-04-11T10:06:18.766+0700][gc,marking   ] GC(2) Concurrent Scan Root Regions
[2020-04-11T10:06:18.768+0700][gc,marking   ] GC(2) Concurrent Scan Root Regions 2.333ms
[2020-04-11T10:06:18.768+0700][gc,marking   ] GC(2) Concurrent Mark (6.417s)
[2020-04-11T10:06:18.768+0700][gc,marking   ] GC(2) Concurrent Mark From Roots
[2020-04-11T10:06:18.768+0700][gc,task      ] GC(2) Using 2 workers of 2 for marking
[2020-04-11T10:06:18.769+0700][gc,marking   ] GC(2) Concurrent Mark From Roots 1.054ms
[2020-04-11T10:06:18.769+0700][gc,marking   ] GC(2) Concurrent Preclean
[2020-04-11T10:06:18.770+0700][gc,marking   ] GC(2) Concurrent Preclean 0.033ms
[2020-04-11T10:06:18.770+0700][gc,marking   ] GC(2) Concurrent Mark (6.417s, 6.418s) 1.157ms
[2020-04-11T10:06:18.770+0700][gc,start     ] GC(2) Pause Remark
[2020-04-11T10:06:18.770+0700][gc,stringtable] GC(2) Cleaned string table, strings: 6553 processed, 0 removed
[2020-04-11T10:06:18.771+0700][gc            ] GC(2) Pause Remark 139M->139M(1024M) 0.735ms
[2020-04-11T10:06:18.771+0700][gc,cpu        ] GC(2) User=0.00s Sys=0.00s Real=0.00s
[2020-04-11T10:06:18.771+0700][gc,marking    ] GC(2) Concurrent Rebuild Remembered Sets
[2020-04-11T10:06:18.772+0700][gc,marking    ] GC(2) Concurrent Rebuild Remembered Sets 1.630ms
[2020-04-11T10:06:18.772+0700][gc,start      ] GC(2) Pause Cleanup
[2020-04-11T10:06:18.773+0700][gc            ] GC(2) Pause Cleanup 139M->139M(1024M) 0.123ms
[2020-04-11T10:06:18.773+0700][gc,cpu        ] GC(2) User=0.00s Sys=0.00s Real=0.00s
[2020-04-11T10:06:18.773+0700][gc,marking    ] GC(2) Concurrent Cleanup for Next Mark
[2020-04-11T10:06:18.777+0700][gc,marking    ] GC(2) Concurrent Cleanup for Next Mark 4.076ms
[2020-04-11T10:06:18.777+0700][gc            ] GC(2) Concurrent Cycle 10.778ms
[2020-04-11T10:06:19.624+0700][gc,start      ] GC(3) Pause Young (Normal) (G1 Evacuation Pause)
[2020-04-11T10:06:19.624+0700][gc,task       ] GC(3) Using 8 workers of 8 for evacuation
[2020-04-11T10:06:19.627+0700][gc,phases     ] GC(3)   Pre Evacuate Collection Set: 0.0ms
[2020-04-11T10:06:19.628+0700][gc,phases     ] GC(3)   Evacuate Collection Set: 2.8ms
[2020-04-11T10:06:19.628+0700][gc,phases     ] GC(3)   Post Evacuate Collection Set: 0.2ms
[2020-04-11T10:06:19.628+0700][gc,phases     ] GC(3)   Other: 0.2ms
[2020-04-11T10:06:19.628+0700][gc,heap       ] GC(3) Eden regions: 48->0(47)
[2020-04-11T10:06:19.628+0700][gc,heap       ] GC(3) Survivor regions: 3->4(7)
[2020-04-11T10:06:19.628+0700][gc,heap       ] GC(3) Old regions: 6->6
[2020-04-11T10:06:19.628+0700][gc,heap       ] GC(3) Archive regions: 2->2
[2020-04-11T10:06:19.628+0700][gc,heap       ] GC(3) Humongous regions: 136->130
[2020-04-11T10:06:19.628+0700][gc,metaspace  ] GC(3) Metaspace: 25062K->25062K(1071104K)
[2020-04-11T10:06:19.628+0700][gc            ] GC(3) Pause Young (Normal) (G1 Evacuation Pause) 192M->139M(1024M) 3.312ms
[2020-04-11T10:06:19.628+0700][gc,cpu        ] GC(3) User=0.02s Sys=0.00s Real=0.00s
[2020-04-11T10:07:08.229+0700][gc,heap,exit  ] Heap
[2020-04-11T10:07:08.229+0700][gc,heap,exit  ]  garbage-first heap   total 1048576K, used 165181K [0x00000007c0000000, 0x0000000800000000)
[2020-04-11T10:07:08.229+0700][gc,heap,exit  ]   region size 1024K, 27 young (27648K), 4 survivors (4096K)
[2020-04-11T10:07:08.229+0700][gc,heap,exit  ]  Metaspace       used 27302K, capacity 27620K, committed 28160K, reserved 1073152K
[2020-04-11T10:07:08.229+0700][gc,heap,exit  ]   class space    used 3738K, capacity 3827K, committed 3840K, reserved 1048576K
