[2020-04-21T13:51:06.300+0700][gc,heap] Heap region size: 1M
[2020-04-21T13:51:06.308+0700][gc     ] Using G1
[2020-04-21T13:51:06.308+0700][gc,heap,coops] Heap address: 0x00000007c0000000, size: 1024 MB, Compressed Oops mode: Zero based, Oop shift amount: 3
[2020-04-21T13:51:06.308+0700][gc,cds       ] Mark closed archive regions in map: [0x00000007fff00000, 0x00000007fff6fff8]
[2020-04-21T13:51:06.308+0700][gc,cds       ] Mark open archive regions in map: [0x00000007ffe00000, 0x00000007ffe47ff8]
[2020-04-21T13:51:06.322+0700][gc           ] Periodic GC disabled
[2020-04-21T13:51:12.364+0700][gc,start     ] GC(0) Pause Young (Normal) (G1 Evacuation Pause)
[2020-04-21T13:51:12.364+0700][gc,task      ] GC(0) Using 8 workers of 8 for evacuation
[2020-04-21T13:51:12.372+0700][gc,phases    ] GC(0)   Pre Evacuate Collection Set: 0.1ms
[2020-04-21T13:51:12.372+0700][gc,phases    ] GC(0)   Evacuate Collection Set: 7.0ms
[2020-04-21T13:51:12.372+0700][gc,phases    ] GC(0)   Post Evacuate Collection Set: 0.3ms
[2020-04-21T13:51:12.372+0700][gc,phases    ] GC(0)   Other: 0.5ms
[2020-04-21T13:51:12.372+0700][gc,heap      ] GC(0) Eden regions: 51->0(45)
[2020-04-21T13:51:12.372+0700][gc,heap      ] GC(0) Survivor regions: 0->6(7)
[2020-04-21T13:51:12.372+0700][gc,heap      ] GC(0) Old regions: 0->0
[2020-04-21T13:51:12.372+0700][gc,heap      ] GC(0) Archive regions: 2->2
[2020-04-21T13:51:12.372+0700][gc,heap      ] GC(0) Humongous regions: 1->1
[2020-04-21T13:51:12.372+0700][gc,metaspace ] GC(0) Metaspace: 15561K->15561K(1062912K)
[2020-04-21T13:51:12.372+0700][gc           ] GC(0) Pause Young (Normal) (G1 Evacuation Pause) 52M->7M(1024M) 7.932ms
[2020-04-21T13:51:12.372+0700][gc,cpu       ] GC(0) User=0.02s Sys=0.01s Real=0.01s
[2020-04-21T13:51:12.947+0700][gc,start     ] GC(1) Pause Young (Concurrent Start) (Metadata GC Threshold)
[2020-04-21T13:51:12.947+0700][gc,task      ] GC(1) Using 8 workers of 8 for evacuation
[2020-04-21T13:51:12.954+0700][gc,phases    ] GC(1)   Pre Evacuate Collection Set: 0.0ms
[2020-04-21T13:51:12.954+0700][gc,phases    ] GC(1)   Evacuate Collection Set: 6.6ms
[2020-04-21T13:51:12.954+0700][gc,phases    ] GC(1)   Post Evacuate Collection Set: 0.3ms
[2020-04-21T13:51:12.954+0700][gc,phases    ] GC(1)   Other: 0.2ms
[2020-04-21T13:51:12.954+0700][gc,heap      ] GC(1) Eden regions: 31->0(48)
[2020-04-21T13:51:12.954+0700][gc,heap      ] GC(1) Survivor regions: 6->3(7)
[2020-04-21T13:51:12.954+0700][gc,heap      ] GC(1) Old regions: 0->6
[2020-04-21T13:51:12.954+0700][gc,heap      ] GC(1) Archive regions: 2->2
[2020-04-21T13:51:12.954+0700][gc,heap      ] GC(1) Humongous regions: 130->130
[2020-04-21T13:51:12.954+0700][gc,metaspace ] GC(1) Metaspace: 20640K->20640K(1067008K)
[2020-04-21T13:51:12.954+0700][gc           ] GC(1) Pause Young (Concurrent Start) (Metadata GC Threshold) 166M->138M(1024M) 7.346ms
[2020-04-21T13:51:12.954+0700][gc,cpu       ] GC(1) User=0.03s Sys=0.01s Real=0.01s
[2020-04-21T13:51:12.955+0700][gc           ] GC(2) Concurrent Cycle
[2020-04-21T13:51:12.955+0700][gc,marking   ] GC(2) Concurrent Clear Claimed Marks
[2020-04-21T13:51:12.955+0700][gc,marking   ] GC(2) Concurrent Clear Claimed Marks 0.022ms
[2020-04-21T13:51:12.955+0700][gc,marking   ] GC(2) Concurrent Scan Root Regions
[2020-04-21T13:51:12.957+0700][gc,marking   ] GC(2) Concurrent Scan Root Regions 2.348ms
[2020-04-21T13:51:12.957+0700][gc,marking   ] GC(2) Concurrent Mark (6.690s)
[2020-04-21T13:51:12.957+0700][gc,marking   ] GC(2) Concurrent Mark From Roots
[2020-04-21T13:51:12.957+0700][gc,task      ] GC(2) Using 2 workers of 2 for marking
[2020-04-21T13:51:12.958+0700][gc,marking   ] GC(2) Concurrent Mark From Roots 0.985ms
[2020-04-21T13:51:12.958+0700][gc,marking   ] GC(2) Concurrent Preclean
[2020-04-21T13:51:12.958+0700][gc,marking   ] GC(2) Concurrent Preclean 0.030ms
[2020-04-21T13:51:12.958+0700][gc,marking   ] GC(2) Concurrent Mark (6.690s, 6.691s) 1.064ms
[2020-04-21T13:51:12.958+0700][gc,start     ] GC(2) Pause Remark
[2020-04-21T13:51:12.959+0700][gc,stringtable] GC(2) Cleaned string table, strings: 6565 processed, 0 removed
[2020-04-21T13:51:12.959+0700][gc            ] GC(2) Pause Remark 139M->139M(1024M) 0.791ms
[2020-04-21T13:51:12.959+0700][gc,cpu        ] GC(2) User=0.00s Sys=0.00s Real=0.00s
[2020-04-21T13:51:12.959+0700][gc,marking    ] GC(2) Concurrent Rebuild Remembered Sets
[2020-04-21T13:51:12.961+0700][gc,marking    ] GC(2) Concurrent Rebuild Remembered Sets 1.539ms
[2020-04-21T13:51:12.961+0700][gc,start      ] GC(2) Pause Cleanup
[2020-04-21T13:51:12.961+0700][gc            ] GC(2) Pause Cleanup 139M->139M(1024M) 0.115ms
[2020-04-21T13:51:12.961+0700][gc,cpu        ] GC(2) User=0.00s Sys=0.00s Real=0.00s
[2020-04-21T13:51:12.961+0700][gc,marking    ] GC(2) Concurrent Cleanup for Next Mark
[2020-04-21T13:51:12.965+0700][gc,marking    ] GC(2) Concurrent Cleanup for Next Mark 4.238ms
[2020-04-21T13:51:12.965+0700][gc            ] GC(2) Concurrent Cycle 10.690ms
[2020-04-21T13:51:16.499+0700][gc,heap,exit  ] Heap
[2020-04-21T13:51:16.499+0700][gc,heap,exit  ]  garbage-first heap   total 1048576K, used 158233K [0x00000007c0000000, 0x0000000800000000)
[2020-04-21T13:51:16.499+0700][gc,heap,exit  ]   region size 1024K, 20 young (20480K), 3 survivors (3072K)
[2020-04-21T13:51:16.499+0700][gc,heap,exit  ]  Metaspace       used 22834K, capacity 23232K, committed 23680K, reserved 1069056K
[2020-04-21T13:51:16.499+0700][gc,heap,exit  ]   class space    used 3050K, capacity 3155K, committed 3200K, reserved 1048576K
