[2020-04-21T13:51:23.947+0700][gc,heap] Heap region size: 1M
[2020-04-21T13:51:23.954+0700][gc     ] Using G1
[2020-04-21T13:51:23.954+0700][gc,heap,coops] Heap address: 0x00000007c0000000, size: 1024 MB, Compressed Oops mode: Zero based, Oop shift amount: 3
[2020-04-21T13:51:23.955+0700][gc,cds       ] Mark closed archive regions in map: [0x00000007fff00000, 0x00000007fff6fff8]
[2020-04-21T13:51:23.955+0700][gc,cds       ] Mark open archive regions in map: [0x00000007ffe00000, 0x00000007ffe47ff8]
[2020-04-21T13:51:23.968+0700][gc           ] Periodic GC disabled
[2020-04-21T13:51:29.746+0700][gc,start     ] GC(0) Pause Young (Normal) (G1 Evacuation Pause)
[2020-04-21T13:51:29.747+0700][gc,task      ] GC(0) Using 8 workers of 8 for evacuation
[2020-04-21T13:51:29.753+0700][gc,phases    ] GC(0)   Pre Evacuate Collection Set: 0.0ms
[2020-04-21T13:51:29.753+0700][gc,phases    ] GC(0)   Evacuate Collection Set: 6.2ms
[2020-04-21T13:51:29.753+0700][gc,phases    ] GC(0)   Post Evacuate Collection Set: 0.3ms
[2020-04-21T13:51:29.753+0700][gc,phases    ] GC(0)   Other: 0.4ms
[2020-04-21T13:51:29.753+0700][gc,heap      ] GC(0) Eden regions: 51->0(45)
[2020-04-21T13:51:29.753+0700][gc,heap      ] GC(0) Survivor regions: 0->6(7)
[2020-04-21T13:51:29.753+0700][gc,heap      ] GC(0) Old regions: 0->0
[2020-04-21T13:51:29.753+0700][gc,heap      ] GC(0) Archive regions: 2->2
[2020-04-21T13:51:29.753+0700][gc,heap      ] GC(0) Humongous regions: 1->1
[2020-04-21T13:51:29.753+0700][gc,metaspace ] GC(0) Metaspace: 15493K->15493K(1062912K)
[2020-04-21T13:51:29.753+0700][gc           ] GC(0) Pause Young (Normal) (G1 Evacuation Pause) 52M->7M(1024M) 7.067ms
[2020-04-21T13:51:29.753+0700][gc,cpu       ] GC(0) User=0.03s Sys=0.00s Real=0.01s
[2020-04-21T13:51:30.208+0700][gc,start     ] GC(1) Pause Young (Concurrent Start) (Metadata GC Threshold)
[2020-04-21T13:51:30.208+0700][gc,task      ] GC(1) Using 8 workers of 8 for evacuation
[2020-04-21T13:51:30.215+0700][gc,phases    ] GC(1)   Pre Evacuate Collection Set: 0.0ms
[2020-04-21T13:51:30.215+0700][gc,phases    ] GC(1)   Evacuate Collection Set: 6.5ms
[2020-04-21T13:51:30.215+0700][gc,phases    ] GC(1)   Post Evacuate Collection Set: 0.3ms
[2020-04-21T13:51:30.215+0700][gc,phases    ] GC(1)   Other: 0.2ms
[2020-04-21T13:51:30.215+0700][gc,heap      ] GC(1) Eden regions: 32->0(48)
[2020-04-21T13:51:30.215+0700][gc,heap      ] GC(1) Survivor regions: 6->3(7)
[2020-04-21T13:51:30.215+0700][gc,heap      ] GC(1) Old regions: 0->6
[2020-04-21T13:51:30.215+0700][gc,heap      ] GC(1) Archive regions: 2->2
[2020-04-21T13:51:30.215+0700][gc,heap      ] GC(1) Humongous regions: 130->130
[2020-04-21T13:51:30.215+0700][gc,metaspace ] GC(1) Metaspace: 20566K->20566K(1067008K)
[2020-04-21T13:51:30.215+0700][gc           ] GC(1) Pause Young (Concurrent Start) (Metadata GC Threshold) 168M->138M(1024M) 7.272ms
[2020-04-21T13:51:30.215+0700][gc,cpu       ] GC(1) User=0.04s Sys=0.01s Real=0.01s
[2020-04-21T13:51:30.216+0700][gc           ] GC(2) Concurrent Cycle
[2020-04-21T13:51:30.216+0700][gc,marking   ] GC(2) Concurrent Clear Claimed Marks
[2020-04-21T13:51:30.216+0700][gc,marking   ] GC(2) Concurrent Clear Claimed Marks 0.028ms
[2020-04-21T13:51:30.216+0700][gc,marking   ] GC(2) Concurrent Scan Root Regions
[2020-04-21T13:51:30.219+0700][gc,marking   ] GC(2) Concurrent Scan Root Regions 3.035ms
[2020-04-21T13:51:30.219+0700][gc,marking   ] GC(2) Concurrent Mark (6.300s)
[2020-04-21T13:51:30.219+0700][gc,marking   ] GC(2) Concurrent Mark From Roots
[2020-04-21T13:51:30.219+0700][gc,task      ] GC(2) Using 2 workers of 2 for marking
[2020-04-21T13:51:30.220+0700][gc,marking   ] GC(2) Concurrent Mark From Roots 1.068ms
[2020-04-21T13:51:30.220+0700][gc,marking   ] GC(2) Concurrent Preclean
[2020-04-21T13:51:30.220+0700][gc,marking   ] GC(2) Concurrent Preclean 0.030ms
[2020-04-21T13:51:30.220+0700][gc,marking   ] GC(2) Concurrent Mark (6.300s, 6.301s) 1.156ms
[2020-04-21T13:51:30.220+0700][gc,start     ] GC(2) Pause Remark
[2020-04-21T13:51:30.221+0700][gc,stringtable] GC(2) Cleaned string table, strings: 6559 processed, 0 removed
[2020-04-21T13:51:30.221+0700][gc            ] GC(2) Pause Remark 139M->139M(1024M) 1.017ms
[2020-04-21T13:51:30.221+0700][gc,cpu        ] GC(2) User=0.00s Sys=0.00s Real=0.00s
[2020-04-21T13:51:30.221+0700][gc,marking    ] GC(2) Concurrent Rebuild Remembered Sets
[2020-04-21T13:51:30.223+0700][gc,marking    ] GC(2) Concurrent Rebuild Remembered Sets 1.607ms
[2020-04-21T13:51:30.223+0700][gc,start      ] GC(2) Pause Cleanup
[2020-04-21T13:51:30.223+0700][gc            ] GC(2) Pause Cleanup 139M->139M(1024M) 0.126ms
[2020-04-21T13:51:30.223+0700][gc,cpu        ] GC(2) User=0.00s Sys=0.00s Real=0.00s
[2020-04-21T13:51:30.223+0700][gc,marking    ] GC(2) Concurrent Cleanup for Next Mark
[2020-04-21T13:51:30.229+0700][gc,marking    ] GC(2) Concurrent Cleanup for Next Mark 5.369ms
[2020-04-21T13:51:30.229+0700][gc            ] GC(2) Concurrent Cycle 12.986ms
[2020-04-21T13:51:35.486+0700][gc,start      ] GC(3) Pause Young (Normal) (G1 Evacuation Pause)
[2020-04-21T13:51:35.486+0700][gc,task       ] GC(3) Using 8 workers of 8 for evacuation
[2020-04-21T13:51:35.491+0700][gc,phases     ] GC(3)   Pre Evacuate Collection Set: 0.0ms
[2020-04-21T13:51:35.492+0700][gc,phases     ] GC(3)   Evacuate Collection Set: 4.5ms
[2020-04-21T13:51:35.492+0700][gc,phases     ] GC(3)   Post Evacuate Collection Set: 0.4ms
[2020-04-21T13:51:35.492+0700][gc,phases     ] GC(3)   Other: 0.3ms
[2020-04-21T13:51:35.492+0700][gc,heap       ] GC(3) Eden regions: 48->0(47)
[2020-04-21T13:51:35.492+0700][gc,heap       ] GC(3) Survivor regions: 3->4(7)
[2020-04-21T13:51:35.492+0700][gc,heap       ] GC(3) Old regions: 6->6
[2020-04-21T13:51:35.492+0700][gc,heap       ] GC(3) Archive regions: 2->2
[2020-04-21T13:51:35.492+0700][gc,heap       ] GC(3) Humongous regions: 136->130
[2020-04-21T13:51:35.492+0700][gc,metaspace  ] GC(3) Metaspace: 25664K->25664K(1073152K)
[2020-04-21T13:51:35.492+0700][gc            ] GC(3) Pause Young (Normal) (G1 Evacuation Pause) 192M->139M(1024M) 5.412ms
[2020-04-21T13:51:35.492+0700][gc,cpu        ] GC(3) User=0.04s Sys=0.00s Real=0.01s
[2020-04-21T14:00:30.244+0700][gc,start      ] GC(4) Pause Young (Normal) (G1 Evacuation Pause)
[2020-04-21T14:00:30.244+0700][gc,task       ] GC(4) Using 8 workers of 8 for evacuation
[2020-04-21T14:00:30.251+0700][gc,phases     ] GC(4)   Pre Evacuate Collection Set: 0.0ms
[2020-04-21T14:00:30.251+0700][gc,phases     ] GC(4)   Evacuate Collection Set: 6.4ms
[2020-04-21T14:00:30.251+0700][gc,phases     ] GC(4)   Post Evacuate Collection Set: 0.5ms
[2020-04-21T14:00:30.251+0700][gc,phases     ] GC(4)   Other: 0.4ms
[2020-04-21T14:00:30.251+0700][gc,heap       ] GC(4) Eden regions: 47->0(45)
[2020-04-21T14:00:30.251+0700][gc,heap       ] GC(4) Survivor regions: 4->6(7)
[2020-04-21T14:00:30.251+0700][gc,heap       ] GC(4) Old regions: 6->6
[2020-04-21T14:00:30.251+0700][gc,heap       ] GC(4) Archive regions: 2->2
[2020-04-21T14:00:30.251+0700][gc,heap       ] GC(4) Humongous regions: 130->130
[2020-04-21T14:00:30.251+0700][gc,metaspace  ] GC(4) Metaspace: 27520K->27520K(1075200K)
[2020-04-21T14:00:30.251+0700][gc            ] GC(4) Pause Young (Normal) (G1 Evacuation Pause) 186M->140M(1024M) 7.536ms
[2020-04-21T14:00:30.251+0700][gc,cpu        ] GC(4) User=0.04s Sys=0.00s Real=0.01s
[2020-04-21T14:10:30.410+0700][gc,start      ] GC(5) Pause Young (Normal) (G1 Evacuation Pause)
[2020-04-21T14:10:30.410+0700][gc,task       ] GC(5) Using 8 workers of 8 for evacuation
[2020-04-21T14:10:30.413+0700][gc,phases     ] GC(5)   Pre Evacuate Collection Set: 0.0ms
[2020-04-21T14:10:30.413+0700][gc,phases     ] GC(5)   Evacuate Collection Set: 3.0ms
[2020-04-21T14:10:30.413+0700][gc,phases     ] GC(5)   Post Evacuate Collection Set: 0.3ms
[2020-04-21T14:10:30.413+0700][gc,phases     ] GC(5)   Other: 0.2ms
[2020-04-21T14:10:30.413+0700][gc,heap       ] GC(5) Eden regions: 45->0(47)
[2020-04-21T14:10:30.413+0700][gc,heap       ] GC(5) Survivor regions: 6->4(7)
[2020-04-21T14:10:30.413+0700][gc,heap       ] GC(5) Old regions: 6->8
[2020-04-21T14:10:30.413+0700][gc,heap       ] GC(5) Archive regions: 2->2
[2020-04-21T14:10:30.413+0700][gc,heap       ] GC(5) Humongous regions: 130->130
[2020-04-21T14:10:30.413+0700][gc,metaspace  ] GC(5) Metaspace: 27693K->27693K(1075200K)
[2020-04-21T14:10:30.413+0700][gc            ] GC(5) Pause Young (Normal) (G1 Evacuation Pause) 185M->141M(1024M) 3.646ms
[2020-04-21T14:10:30.413+0700][gc,cpu        ] GC(5) User=0.02s Sys=0.00s Real=0.00s
[2020-04-21T14:21:20.761+0700][gc,start      ] GC(6) Pause Young (Normal) (G1 Evacuation Pause)
[2020-04-21T14:21:20.761+0700][gc,task       ] GC(6) Using 8 workers of 8 for evacuation
[2020-04-21T14:21:20.768+0700][gc,phases     ] GC(6)   Pre Evacuate Collection Set: 0.0ms
[2020-04-21T14:21:20.768+0700][gc,phases     ] GC(6)   Evacuate Collection Set: 5.7ms
[2020-04-21T14:21:20.768+0700][gc,phases     ] GC(6)   Post Evacuate Collection Set: 0.6ms
[2020-04-21T14:21:20.768+0700][gc,phases     ] GC(6)   Other: 0.4ms
[2020-04-21T14:21:20.768+0700][gc,heap       ] GC(6) Eden regions: 47->0(47)
[2020-04-21T14:21:20.768+0700][gc,heap       ] GC(6) Survivor regions: 4->4(7)
[2020-04-21T14:21:20.768+0700][gc,heap       ] GC(6) Old regions: 8->8
[2020-04-21T14:21:20.768+0700][gc,heap       ] GC(6) Archive regions: 2->2
[2020-04-21T14:21:20.768+0700][gc,heap       ] GC(6) Humongous regions: 130->130
[2020-04-21T14:21:20.768+0700][gc,metaspace  ] GC(6) Metaspace: 27869K->27869K(1075200K)
[2020-04-21T14:21:20.768+0700][gc            ] GC(6) Pause Young (Normal) (G1 Evacuation Pause) 188M->141M(1024M) 6.933ms
[2020-04-21T14:21:20.768+0700][gc,cpu        ] GC(6) User=0.04s Sys=0.00s Real=0.00s
[2020-04-21T14:32:40.483+0700][gc,start      ] GC(7) Pause Young (Normal) (G1 Evacuation Pause)
[2020-04-21T14:32:40.483+0700][gc,task       ] GC(7) Using 8 workers of 8 for evacuation
[2020-04-21T14:32:40.489+0700][gc,phases     ] GC(7)   Pre Evacuate Collection Set: 0.0ms
[2020-04-21T14:32:40.489+0700][gc,phases     ] GC(7)   Evacuate Collection Set: 4.8ms
[2020-04-21T14:32:40.489+0700][gc,phases     ] GC(7)   Post Evacuate Collection Set: 0.4ms
[2020-04-21T14:32:40.489+0700][gc,phases     ] GC(7)   Other: 0.3ms
[2020-04-21T14:32:40.489+0700][gc,heap       ] GC(7) Eden regions: 47->0(49)
[2020-04-21T14:32:40.489+0700][gc,heap       ] GC(7) Survivor regions: 4->4(7)
[2020-04-21T14:32:40.489+0700][gc,heap       ] GC(7) Old regions: 8->8
[2020-04-21T14:32:40.489+0700][gc,heap       ] GC(7) Archive regions: 2->2
[2020-04-21T14:32:40.489+0700][gc,heap       ] GC(7) Humongous regions: 130->130
[2020-04-21T14:32:40.489+0700][gc,metaspace  ] GC(7) Metaspace: 27920K->27920K(1075200K)
[2020-04-21T14:32:40.489+0700][gc            ] GC(7) Pause Young (Normal) (G1 Evacuation Pause) 188M->141M(1024M) 5.738ms
[2020-04-21T14:32:40.489+0700][gc,cpu        ] GC(7) User=0.04s Sys=0.00s Real=0.00s
[2020-04-21T14:44:42.607+0700][gc,start      ] GC(8) Pause Young (Normal) (G1 Evacuation Pause)
[2020-04-21T14:44:42.607+0700][gc,task       ] GC(8) Using 8 workers of 8 for evacuation
[2020-04-21T14:44:42.612+0700][gc,phases     ] GC(8)   Pre Evacuate Collection Set: 0.0ms
[2020-04-21T14:44:42.612+0700][gc,phases     ] GC(8)   Evacuate Collection Set: 4.6ms
[2020-04-21T14:44:42.612+0700][gc,phases     ] GC(8)   Post Evacuate Collection Set: 0.3ms
[2020-04-21T14:44:42.612+0700][gc,phases     ] GC(8)   Other: 0.2ms
[2020-04-21T14:44:42.612+0700][gc,heap       ] GC(8) Eden regions: 49->0(57)
[2020-04-21T14:44:42.612+0700][gc,heap       ] GC(8) Survivor regions: 4->4(7)
[2020-04-21T14:44:42.612+0700][gc,heap       ] GC(8) Old regions: 8->8
[2020-04-21T14:44:42.612+0700][gc,heap       ] GC(8) Archive regions: 2->2
[2020-04-21T14:44:42.612+0700][gc,heap       ] GC(8) Humongous regions: 130->130
[2020-04-21T14:44:42.612+0700][gc,metaspace  ] GC(8) Metaspace: 28053K->28053K(1075200K)
[2020-04-21T14:44:42.613+0700][gc            ] GC(8) Pause Young (Normal) (G1 Evacuation Pause) 190M->141M(1024M) 5.397ms
[2020-04-21T14:44:42.613+0700][gc,cpu        ] GC(8) User=0.03s Sys=0.00s Real=0.01s
[2020-04-21T14:57:46.489+0700][gc,start      ] GC(9) Pause Young (Normal) (G1 Evacuation Pause)
[2020-04-21T14:57:46.489+0700][gc,task       ] GC(9) Using 8 workers of 8 for evacuation
[2020-04-21T14:57:46.496+0700][gc,phases     ] GC(9)   Pre Evacuate Collection Set: 0.0ms
[2020-04-21T14:57:46.496+0700][gc,phases     ] GC(9)   Evacuate Collection Set: 6.6ms
[2020-04-21T14:57:46.496+0700][gc,phases     ] GC(9)   Post Evacuate Collection Set: 0.4ms
[2020-04-21T14:57:46.496+0700][gc,phases     ] GC(9)   Other: 0.4ms
[2020-04-21T14:57:46.496+0700][gc,heap       ] GC(9) Eden regions: 57->0(75)
[2020-04-21T14:57:46.496+0700][gc,heap       ] GC(9) Survivor regions: 4->5(8)
[2020-04-21T14:57:46.496+0700][gc,heap       ] GC(9) Old regions: 8->8
[2020-04-21T14:57:46.496+0700][gc,heap       ] GC(9) Archive regions: 2->2
[2020-04-21T14:57:46.496+0700][gc,heap       ] GC(9) Humongous regions: 130->130
[2020-04-21T14:57:46.496+0700][gc,metaspace  ] GC(9) Metaspace: 28128K->28128K(1075200K)
[2020-04-21T14:57:46.496+0700][gc            ] GC(9) Pause Young (Normal) (G1 Evacuation Pause) 198M->142M(1024M) 7.670ms
[2020-04-21T14:57:46.496+0700][gc,cpu        ] GC(9) User=0.04s Sys=0.01s Real=0.01s
[2020-04-21T15:16:17.277+0700][gc,start      ] GC(10) Pause Young (Normal) (G1 Evacuation Pause)
[2020-04-21T15:16:17.277+0700][gc,task       ] GC(10) Using 8 workers of 8 for evacuation
[2020-04-21T15:16:17.284+0700][gc,phases     ] GC(10)   Pre Evacuate Collection Set: 0.0ms
[2020-04-21T15:16:17.284+0700][gc,phases     ] GC(10)   Evacuate Collection Set: 6.6ms
[2020-04-21T15:16:17.284+0700][gc,phases     ] GC(10)   Post Evacuate Collection Set: 0.5ms
[2020-04-21T15:16:17.285+0700][gc,phases     ] GC(10)   Other: 0.4ms
[2020-04-21T15:16:17.285+0700][gc,heap       ] GC(10) Eden regions: 75->0(201)
[2020-04-21T15:16:17.285+0700][gc,heap       ] GC(10) Survivor regions: 5->5(10)
[2020-04-21T15:16:17.285+0700][gc,heap       ] GC(10) Old regions: 8->8
[2020-04-21T15:16:17.285+0700][gc,heap       ] GC(10) Archive regions: 2->2
[2020-04-21T15:16:17.285+0700][gc,heap       ] GC(10) Humongous regions: 130->130
[2020-04-21T15:16:17.285+0700][gc,metaspace  ] GC(10) Metaspace: 28140K->28140K(1075200K)
[2020-04-21T15:16:17.285+0700][gc            ] GC(10) Pause Young (Normal) (G1 Evacuation Pause) 217M->142M(1024M) 7.786ms
[2020-04-21T15:16:17.285+0700][gc,cpu        ] GC(10) User=0.05s Sys=0.00s Real=0.01s
[2020-04-21T16:05:32.540+0700][gc,start      ] GC(11) Pause Young (Normal) (G1 Evacuation Pause)
[2020-04-21T16:05:32.540+0700][gc,task       ] GC(11) Using 8 workers of 8 for evacuation
[2020-04-21T16:05:32.544+0700][gc,phases     ] GC(11)   Pre Evacuate Collection Set: 0.0ms
[2020-04-21T16:05:32.544+0700][gc,phases     ] GC(11)   Evacuate Collection Set: 3.3ms
[2020-04-21T16:05:32.544+0700][gc,phases     ] GC(11)   Post Evacuate Collection Set: 0.4ms
[2020-04-21T16:05:32.544+0700][gc,phases     ] GC(11)   Other: 0.2ms
[2020-04-21T16:05:32.544+0700][gc,heap       ] GC(11) Eden regions: 201->0(573)
[2020-04-21T16:05:32.544+0700][gc,heap       ] GC(11) Survivor regions: 5->5(26)
[2020-04-21T16:05:32.544+0700][gc,heap       ] GC(11) Old regions: 8->8
[2020-04-21T16:05:32.544+0700][gc,heap       ] GC(11) Archive regions: 2->2
[2020-04-21T16:05:32.544+0700][gc,heap       ] GC(11) Humongous regions: 130->130
[2020-04-21T16:05:32.544+0700][gc,metaspace  ] GC(11) Metaspace: 28198K->28198K(1075200K)
[2020-04-21T16:05:32.544+0700][gc            ] GC(11) Pause Young (Normal) (G1 Evacuation Pause) 343M->142M(1024M) 4.102ms
[2020-04-21T16:05:32.544+0700][gc,cpu        ] GC(11) User=0.01s Sys=0.00s Real=0.00s
[2020-04-21T16:29:18.040+0700][gc,heap,exit  ] Heap
[2020-04-21T16:29:18.040+0700][gc,heap,exit  ]  garbage-first heap   total 1048576K, used 248188K [0x00000007c0000000, 0x0000000800000000)
[2020-04-21T16:29:18.040+0700][gc,heap,exit  ]   region size 1024K, 106 young (108544K), 5 survivors (5120K)
[2020-04-21T16:29:18.040+0700][gc,heap,exit  ]  Metaspace       used 28294K, capacity 28643K, committed 29440K, reserved 1075200K
[2020-04-21T16:29:18.040+0700][gc,heap,exit  ]   class space    used 3660K, capacity 3764K, committed 3840K, reserved 1048576K
