[2020-04-11T10:07:18.297+0700][gc,heap] Heap region size: 1M
[2020-04-11T10:07:18.305+0700][gc     ] Using G1
[2020-04-11T10:07:18.305+0700][gc,heap,coops] Heap address: 0x00000007c0000000, size: 1024 MB, Compressed Oops mode: Zero based, Oop shift amount: 3
[2020-04-11T10:07:18.306+0700][gc,cds       ] Mark closed archive regions in map: [0x00000007fff00000, 0x00000007fff6fff8]
[2020-04-11T10:07:18.306+0700][gc,cds       ] Mark open archive regions in map: [0x00000007ffe00000, 0x00000007ffe47ff8]
[2020-04-11T10:07:18.320+0700][gc           ] Periodic GC disabled
[2020-04-11T10:07:24.171+0700][gc,start     ] GC(0) Pause Young (Normal) (G1 Evacuation Pause)
[2020-04-11T10:07:24.172+0700][gc,task      ] GC(0) Using 8 workers of 8 for evacuation
[2020-04-11T10:07:24.179+0700][gc,phases    ] GC(0)   Pre Evacuate Collection Set: 0.0ms
[2020-04-11T10:07:24.179+0700][gc,phases    ] GC(0)   Evacuate Collection Set: 6.5ms
[2020-04-11T10:07:24.179+0700][gc,phases    ] GC(0)   Post Evacuate Collection Set: 0.3ms
[2020-04-11T10:07:24.179+0700][gc,phases    ] GC(0)   Other: 0.5ms
[2020-04-11T10:07:24.179+0700][gc,heap      ] GC(0) Eden regions: 51->0(45)
[2020-04-11T10:07:24.179+0700][gc,heap      ] GC(0) Survivor regions: 0->6(7)
[2020-04-11T10:07:24.179+0700][gc,heap      ] GC(0) Old regions: 0->0
[2020-04-11T10:07:24.179+0700][gc,heap      ] GC(0) Archive regions: 2->2
[2020-04-11T10:07:24.179+0700][gc,heap      ] GC(0) Humongous regions: 1->1
[2020-04-11T10:07:24.179+0700][gc,metaspace ] GC(0) Metaspace: 15551K->15551K(1062912K)
[2020-04-11T10:07:24.179+0700][gc           ] GC(0) Pause Young (Normal) (G1 Evacuation Pause) 52M->6M(1024M) 7.453ms
[2020-04-11T10:07:24.179+0700][gc,cpu       ] GC(0) User=0.02s Sys=0.01s Real=0.00s
[2020-04-11T10:07:24.661+0700][gc,start     ] GC(1) Pause Young (Concurrent Start) (Metadata GC Threshold)
[2020-04-11T10:07:24.661+0700][gc,task      ] GC(1) Using 8 workers of 8 for evacuation
[2020-04-11T10:07:24.669+0700][gc,phases    ] GC(1)   Pre Evacuate Collection Set: 0.0ms
[2020-04-11T10:07:24.669+0700][gc,phases    ] GC(1)   Evacuate Collection Set: 6.7ms
[2020-04-11T10:07:24.669+0700][gc,phases    ] GC(1)   Post Evacuate Collection Set: 0.3ms
[2020-04-11T10:07:24.669+0700][gc,phases    ] GC(1)   Other: 0.2ms
[2020-04-11T10:07:24.669+0700][gc,heap      ] GC(1) Eden regions: 30->0(48)
[2020-04-11T10:07:24.669+0700][gc,heap      ] GC(1) Survivor regions: 6->3(7)
[2020-04-11T10:07:24.669+0700][gc,heap      ] GC(1) Old regions: 0->6
[2020-04-11T10:07:24.669+0700][gc,heap      ] GC(1) Archive regions: 2->2
[2020-04-11T10:07:24.669+0700][gc,heap      ] GC(1) Humongous regions: 130->130
[2020-04-11T10:07:24.669+0700][gc,metaspace ] GC(1) Metaspace: 20547K->20547K(1067008K)
[2020-04-11T10:07:24.669+0700][gc           ] GC(1) Pause Young (Concurrent Start) (Metadata GC Threshold) 165M->138M(1024M) 7.374ms
[2020-04-11T10:07:24.669+0700][gc,cpu       ] GC(1) User=0.03s Sys=0.00s Real=0.00s
[2020-04-11T10:07:24.669+0700][gc           ] GC(2) Concurrent Cycle
[2020-04-11T10:07:24.669+0700][gc,marking   ] GC(2) Concurrent Clear Claimed Marks
[2020-04-11T10:07:24.669+0700][gc,marking   ] GC(2) Concurrent Clear Claimed Marks 0.021ms
[2020-04-11T10:07:24.669+0700][gc,marking   ] GC(2) Concurrent Scan Root Regions
[2020-04-11T10:07:24.671+0700][gc,marking   ] GC(2) Concurrent Scan Root Regions 1.999ms
[2020-04-11T10:07:24.671+0700][gc,marking   ] GC(2) Concurrent Mark (6.400s)
[2020-04-11T10:07:24.671+0700][gc,marking   ] GC(2) Concurrent Mark From Roots
[2020-04-11T10:07:24.671+0700][gc,task      ] GC(2) Using 2 workers of 2 for marking
[2020-04-11T10:07:24.672+0700][gc,marking   ] GC(2) Concurrent Mark From Roots 1.164ms
[2020-04-11T10:07:24.672+0700][gc,marking   ] GC(2) Concurrent Preclean
[2020-04-11T10:07:24.672+0700][gc,marking   ] GC(2) Concurrent Preclean 0.029ms
[2020-04-11T10:07:24.672+0700][gc,marking   ] GC(2) Concurrent Mark (6.400s, 6.401s) 1.244ms
[2020-04-11T10:07:24.672+0700][gc,start     ] GC(2) Pause Remark
[2020-04-11T10:07:24.673+0700][gc,stringtable] GC(2) Cleaned string table, strings: 6559 processed, 0 removed
[2020-04-11T10:07:24.673+0700][gc            ] GC(2) Pause Remark 139M->139M(1024M) 0.761ms
[2020-04-11T10:07:24.673+0700][gc,cpu        ] GC(2) User=0.00s Sys=0.00s Real=0.00s
[2020-04-11T10:07:24.673+0700][gc,marking    ] GC(2) Concurrent Rebuild Remembered Sets
[2020-04-11T10:07:24.675+0700][gc,marking    ] GC(2) Concurrent Rebuild Remembered Sets 1.634ms
[2020-04-11T10:07:24.675+0700][gc,start      ] GC(2) Pause Cleanup
[2020-04-11T10:07:24.675+0700][gc            ] GC(2) Pause Cleanup 139M->139M(1024M) 0.152ms
[2020-04-11T10:07:24.675+0700][gc,cpu        ] GC(2) User=0.00s Sys=0.00s Real=0.00s
[2020-04-11T10:07:24.675+0700][gc,marking    ] GC(2) Concurrent Cleanup for Next Mark
[2020-04-11T10:07:24.681+0700][gc,marking    ] GC(2) Concurrent Cleanup for Next Mark 5.446ms
[2020-04-11T10:07:24.681+0700][gc            ] GC(2) Concurrent Cycle 11.841ms
[2020-04-11T10:07:25.440+0700][gc,start      ] GC(3) Pause Young (Normal) (G1 Evacuation Pause)
[2020-04-11T10:07:25.440+0700][gc,task       ] GC(3) Using 8 workers of 8 for evacuation
[2020-04-11T10:07:25.442+0700][gc,phases     ] GC(3)   Pre Evacuate Collection Set: 0.0ms
[2020-04-11T10:07:25.442+0700][gc,phases     ] GC(3)   Evacuate Collection Set: 1.9ms
[2020-04-11T10:07:25.442+0700][gc,phases     ] GC(3)   Post Evacuate Collection Set: 0.2ms
[2020-04-11T10:07:25.442+0700][gc,phases     ] GC(3)   Other: 0.1ms
[2020-04-11T10:07:25.442+0700][gc,heap       ] GC(3) Eden regions: 48->0(47)
[2020-04-11T10:07:25.442+0700][gc,heap       ] GC(3) Survivor regions: 3->4(7)
[2020-04-11T10:07:25.442+0700][gc,heap       ] GC(3) Old regions: 6->6
[2020-04-11T10:07:25.442+0700][gc,heap       ] GC(3) Archive regions: 2->2
[2020-04-11T10:07:25.442+0700][gc,heap       ] GC(3) Humongous regions: 136->130
[2020-04-11T10:07:25.442+0700][gc,metaspace  ] GC(3) Metaspace: 25082K->25082K(1071104K)
[2020-04-11T10:07:25.442+0700][gc            ] GC(3) Pause Young (Normal) (G1 Evacuation Pause) 192M->139M(1024M) 2.343ms
[2020-04-11T10:07:25.442+0700][gc,cpu        ] GC(3) User=0.01s Sys=0.00s Real=0.00s
[2020-04-11T10:10:34.499+0700][gc,heap,exit  ] Heap
[2020-04-11T10:10:34.499+0700][gc,heap,exit  ]  garbage-first heap   total 1048576K, used 174488K [0x00000007c0000000, 0x0000000800000000)
[2020-04-11T10:10:34.499+0700][gc,heap,exit  ]   region size 1024K, 37 young (37888K), 4 survivors (4096K)
[2020-04-11T10:10:34.499+0700][gc,heap,exit  ]  Metaspace       used 27468K, capacity 27847K, committed 28544K, reserved 1073152K
[2020-04-11T10:10:34.499+0700][gc,heap,exit  ]   class space    used 3749K, capacity 3860K, committed 3968K, reserved 1048576K
