[2020-04-10T15:54:35.712+0700][gc,heap] Heap region size: 1M
[2020-04-10T15:54:35.720+0700][gc     ] Using G1
[2020-04-10T15:54:35.720+0700][gc,heap,coops] Heap address: 0x00000007c0000000, size: 1024 MB, Compressed Oops mode: Zero based, Oop shift amount: 3
[2020-04-10T15:54:35.720+0700][gc,cds       ] Mark closed archive regions in map: [0x00000007fff00000, 0x00000007fff6fff8]
[2020-04-10T15:54:35.720+0700][gc,cds       ] Mark open archive regions in map: [0x00000007ffe00000, 0x00000007ffe47ff8]
[2020-04-10T15:54:35.735+0700][gc           ] Periodic GC disabled
[2020-04-10T15:54:41.787+0700][gc,start     ] GC(0) Pause Young (Normal) (G1 Evacuation Pause)
[2020-04-10T15:54:41.788+0700][gc,task      ] GC(0) Using 8 workers of 8 for evacuation
[2020-04-10T15:54:41.794+0700][gc,phases    ] GC(0)   Pre Evacuate Collection Set: 0.0ms
[2020-04-10T15:54:41.794+0700][gc,phases    ] GC(0)   Evacuate Collection Set: 6.4ms
[2020-04-10T15:54:41.794+0700][gc,phases    ] GC(0)   Post Evacuate Collection Set: 0.3ms
[2020-04-10T15:54:41.794+0700][gc,phases    ] GC(0)   Other: 0.6ms
[2020-04-10T15:54:41.794+0700][gc,heap      ] GC(0) Eden regions: 51->0(45)
[2020-04-10T15:54:41.794+0700][gc,heap      ] GC(0) Survivor regions: 0->6(7)
[2020-04-10T15:54:41.794+0700][gc,heap      ] GC(0) Old regions: 0->0
[2020-04-10T15:54:41.794+0700][gc,heap      ] GC(0) Archive regions: 2->2
[2020-04-10T15:54:41.794+0700][gc,heap      ] GC(0) Humongous regions: 1->1
[2020-04-10T15:54:41.794+0700][gc,metaspace ] GC(0) Metaspace: 15558K->15558K(1062912K)
[2020-04-10T15:54:41.794+0700][gc           ] GC(0) Pause Young (Normal) (G1 Evacuation Pause) 52M->7M(1024M) 7.473ms
[2020-04-10T15:54:41.795+0700][gc,cpu       ] GC(0) User=0.02s Sys=0.01s Real=0.01s
[2020-04-10T15:54:42.367+0700][gc,start     ] GC(1) Pause Young (Concurrent Start) (Metadata GC Threshold)
[2020-04-10T15:54:42.367+0700][gc,task      ] GC(1) Using 8 workers of 8 for evacuation
[2020-04-10T15:54:42.375+0700][gc,phases    ] GC(1)   Pre Evacuate Collection Set: 0.0ms
[2020-04-10T15:54:42.375+0700][gc,phases    ] GC(1)   Evacuate Collection Set: 7.2ms
[2020-04-10T15:54:42.375+0700][gc,phases    ] GC(1)   Post Evacuate Collection Set: 0.3ms
[2020-04-10T15:54:42.375+0700][gc,phases    ] GC(1)   Other: 0.3ms
[2020-04-10T15:54:42.375+0700][gc,heap      ] GC(1) Eden regions: 30->0(48)
[2020-04-10T15:54:42.375+0700][gc,heap      ] GC(1) Survivor regions: 6->3(7)
[2020-04-10T15:54:42.375+0700][gc,heap      ] GC(1) Old regions: 0->6
[2020-04-10T15:54:42.375+0700][gc,heap      ] GC(1) Archive regions: 2->2
[2020-04-10T15:54:42.375+0700][gc,heap      ] GC(1) Humongous regions: 130->130
[2020-04-10T15:54:42.375+0700][gc,metaspace ] GC(1) Metaspace: 20570K->20570K(1067008K)
[2020-04-10T15:54:42.375+0700][gc           ] GC(1) Pause Young (Concurrent Start) (Metadata GC Threshold) 166M->138M(1024M) 7.967ms
[2020-04-10T15:54:42.375+0700][gc,cpu       ] GC(1) User=0.03s Sys=0.00s Real=0.01s
[2020-04-10T15:54:42.375+0700][gc           ] GC(2) Concurrent Cycle
[2020-04-10T15:54:42.375+0700][gc,marking   ] GC(2) Concurrent Clear Claimed Marks
[2020-04-10T15:54:42.375+0700][gc,marking   ] GC(2) Concurrent Clear Claimed Marks 0.030ms
[2020-04-10T15:54:42.375+0700][gc,marking   ] GC(2) Concurrent Scan Root Regions
[2020-04-10T15:54:42.378+0700][gc,marking   ] GC(2) Concurrent Scan Root Regions 2.574ms
[2020-04-10T15:54:42.378+0700][gc,marking   ] GC(2) Concurrent Mark (6.693s)
[2020-04-10T15:54:42.378+0700][gc,marking   ] GC(2) Concurrent Mark From Roots
[2020-04-10T15:54:42.378+0700][gc,task      ] GC(2) Using 2 workers of 2 for marking
[2020-04-10T15:54:42.379+0700][gc,marking   ] GC(2) Concurrent Mark From Roots 1.304ms
[2020-04-10T15:54:42.379+0700][gc,marking   ] GC(2) Concurrent Preclean
[2020-04-10T15:54:42.379+0700][gc,marking   ] GC(2) Concurrent Preclean 0.037ms
[2020-04-10T15:54:42.379+0700][gc,marking   ] GC(2) Concurrent Mark (6.693s, 6.694s) 1.416ms
[2020-04-10T15:54:42.379+0700][gc,start     ] GC(2) Pause Remark
[2020-04-10T15:54:42.380+0700][gc,stringtable] GC(2) Cleaned string table, strings: 6553 processed, 0 removed
[2020-04-10T15:54:42.380+0700][gc            ] GC(2) Pause Remark 139M->139M(1024M) 1.088ms
[2020-04-10T15:54:42.380+0700][gc,cpu        ] GC(2) User=0.01s Sys=0.00s Real=0.01s
[2020-04-10T15:54:42.380+0700][gc,marking    ] GC(2) Concurrent Rebuild Remembered Sets
[2020-04-10T15:54:42.383+0700][gc,marking    ] GC(2) Concurrent Rebuild Remembered Sets 2.783ms
[2020-04-10T15:54:42.384+0700][gc,start      ] GC(2) Pause Cleanup
[2020-04-10T15:54:42.384+0700][gc            ] GC(2) Pause Cleanup 139M->139M(1024M) 0.189ms
[2020-04-10T15:54:42.384+0700][gc,cpu        ] GC(2) User=0.00s Sys=0.00s Real=0.00s
[2020-04-10T15:54:42.384+0700][gc,marking    ] GC(2) Concurrent Cleanup for Next Mark
[2020-04-10T15:54:42.388+0700][gc,marking    ] GC(2) Concurrent Cleanup for Next Mark 4.514ms
[2020-04-10T15:54:42.388+0700][gc            ] GC(2) Concurrent Cycle 13.520ms
[2020-04-10T15:54:53.236+0700][gc,start      ] GC(3) Pause Young (Normal) (G1 Evacuation Pause)
[2020-04-10T15:54:53.236+0700][gc,task       ] GC(3) Using 8 workers of 8 for evacuation
[2020-04-10T15:54:53.240+0700][gc,phases     ] GC(3)   Pre Evacuate Collection Set: 0.0ms
[2020-04-10T15:54:53.240+0700][gc,phases     ] GC(3)   Evacuate Collection Set: 3.4ms
[2020-04-10T15:54:53.240+0700][gc,phases     ] GC(3)   Post Evacuate Collection Set: 0.3ms
[2020-04-10T15:54:53.240+0700][gc,phases     ] GC(3)   Other: 0.2ms
[2020-04-10T15:54:53.240+0700][gc,heap       ] GC(3) Eden regions: 48->0(47)
[2020-04-10T15:54:53.240+0700][gc,heap       ] GC(3) Survivor regions: 3->4(7)
[2020-04-10T15:54:53.240+0700][gc,heap       ] GC(3) Old regions: 6->6
[2020-04-10T15:54:53.240+0700][gc,heap       ] GC(3) Archive regions: 2->2
[2020-04-10T15:54:53.240+0700][gc,heap       ] GC(3) Humongous regions: 136->130
[2020-04-10T15:54:53.240+0700][gc,metaspace  ] GC(3) Metaspace: 25335K->25335K(1073152K)
[2020-04-10T15:54:53.241+0700][gc            ] GC(3) Pause Young (Normal) (G1 Evacuation Pause) 192M->139M(1024M) 4.072ms
[2020-04-10T15:54:53.241+0700][gc,cpu        ] GC(3) User=0.02s Sys=0.00s Real=0.01s
[2020-04-10T16:03:40.156+0700][gc,start      ] GC(4) Pause Young (Normal) (G1 Evacuation Pause)
[2020-04-10T16:03:40.156+0700][gc,task       ] GC(4) Using 8 workers of 8 for evacuation
[2020-04-10T16:03:40.162+0700][gc,phases     ] GC(4)   Pre Evacuate Collection Set: 0.0ms
[2020-04-10T16:03:40.162+0700][gc,phases     ] GC(4)   Evacuate Collection Set: 5.6ms
[2020-04-10T16:03:40.162+0700][gc,phases     ] GC(4)   Post Evacuate Collection Set: 0.4ms
[2020-04-10T16:03:40.162+0700][gc,phases     ] GC(4)   Other: 0.4ms
[2020-04-10T16:03:40.162+0700][gc,heap       ] GC(4) Eden regions: 47->0(45)
[2020-04-10T16:03:40.162+0700][gc,heap       ] GC(4) Survivor regions: 4->6(7)
[2020-04-10T16:03:40.162+0700][gc,heap       ] GC(4) Old regions: 6->6
[2020-04-10T16:03:40.162+0700][gc,heap       ] GC(4) Archive regions: 2->2
[2020-04-10T16:03:40.162+0700][gc,heap       ] GC(4) Humongous regions: 130->130
[2020-04-10T16:03:40.162+0700][gc,metaspace  ] GC(4) Metaspace: 27501K->27501K(1075200K)
[2020-04-10T16:03:40.162+0700][gc            ] GC(4) Pause Young (Normal) (G1 Evacuation Pause) 186M->140M(1024M) 6.643ms
[2020-04-10T16:03:40.162+0700][gc,cpu        ] GC(4) User=0.04s Sys=0.00s Real=0.01s
[2020-04-10T16:13:31.827+0700][gc,start      ] GC(5) Pause Young (Normal) (G1 Evacuation Pause)
[2020-04-10T16:13:31.827+0700][gc,task       ] GC(5) Using 8 workers of 8 for evacuation
[2020-04-10T16:13:31.834+0700][gc,phases     ] GC(5)   Pre Evacuate Collection Set: 0.0ms
[2020-04-10T16:13:31.834+0700][gc,phases     ] GC(5)   Evacuate Collection Set: 6.2ms
[2020-04-10T16:13:31.834+0700][gc,phases     ] GC(5)   Post Evacuate Collection Set: 0.4ms
[2020-04-10T16:13:31.835+0700][gc,phases     ] GC(5)   Other: 0.4ms
[2020-04-10T16:13:31.835+0700][gc,heap       ] GC(5) Eden regions: 45->0(47)
[2020-04-10T16:13:31.835+0700][gc,heap       ] GC(5) Survivor regions: 6->4(7)
[2020-04-10T16:13:31.835+0700][gc,heap       ] GC(5) Old regions: 6->8
[2020-04-10T16:13:31.835+0700][gc,heap       ] GC(5) Archive regions: 2->2
[2020-04-10T16:13:31.835+0700][gc,heap       ] GC(5) Humongous regions: 130->130
[2020-04-10T16:13:31.835+0700][gc,metaspace  ] GC(5) Metaspace: 27744K->27744K(1075200K)
[2020-04-10T16:13:31.835+0700][gc            ] GC(5) Pause Young (Normal) (G1 Evacuation Pause) 185M->141M(1024M) 7.309ms
[2020-04-10T16:13:31.835+0700][gc,cpu        ] GC(5) User=0.05s Sys=0.01s Real=0.01s
[2020-04-10T16:24:13.147+0700][gc,start      ] GC(6) Pause Young (Normal) (G1 Evacuation Pause)
[2020-04-10T16:24:13.147+0700][gc,task       ] GC(6) Using 8 workers of 8 for evacuation
[2020-04-10T16:24:13.153+0700][gc,phases     ] GC(6)   Pre Evacuate Collection Set: 0.0ms
[2020-04-10T16:24:13.153+0700][gc,phases     ] GC(6)   Evacuate Collection Set: 5.0ms
[2020-04-10T16:24:13.153+0700][gc,phases     ] GC(6)   Post Evacuate Collection Set: 0.7ms
[2020-04-10T16:24:13.153+0700][gc,phases     ] GC(6)   Other: 0.4ms
[2020-04-10T16:24:13.153+0700][gc,heap       ] GC(6) Eden regions: 47->0(47)
[2020-04-10T16:24:13.153+0700][gc,heap       ] GC(6) Survivor regions: 4->4(7)
[2020-04-10T16:24:13.153+0700][gc,heap       ] GC(6) Old regions: 8->8
[2020-04-10T16:24:13.153+0700][gc,heap       ] GC(6) Archive regions: 2->2
[2020-04-10T16:24:13.153+0700][gc,heap       ] GC(6) Humongous regions: 130->130
[2020-04-10T16:24:13.153+0700][gc,metaspace  ] GC(6) Metaspace: 27891K->27891K(1075200K)
[2020-04-10T16:24:13.154+0700][gc            ] GC(6) Pause Young (Normal) (G1 Evacuation Pause) 188M->141M(1024M) 6.315ms
[2020-04-10T16:24:13.154+0700][gc,cpu        ] GC(6) User=0.04s Sys=0.00s Real=0.01s
[2020-04-10T16:35:25.124+0700][gc,start      ] GC(7) Pause Young (Normal) (G1 Evacuation Pause)
[2020-04-10T16:35:25.124+0700][gc,task       ] GC(7) Using 8 workers of 8 for evacuation
[2020-04-10T16:35:25.129+0700][gc,phases     ] GC(7)   Pre Evacuate Collection Set: 0.0ms
[2020-04-10T16:35:25.129+0700][gc,phases     ] GC(7)   Evacuate Collection Set: 4.5ms
[2020-04-10T16:35:25.129+0700][gc,phases     ] GC(7)   Post Evacuate Collection Set: 0.5ms
[2020-04-10T16:35:25.129+0700][gc,phases     ] GC(7)   Other: 0.3ms
[2020-04-10T16:35:25.129+0700][gc,heap       ] GC(7) Eden regions: 47->0(49)
[2020-04-10T16:35:25.129+0700][gc,heap       ] GC(7) Survivor regions: 4->4(7)
[2020-04-10T16:35:25.129+0700][gc,heap       ] GC(7) Old regions: 8->8
[2020-04-10T16:35:25.129+0700][gc,heap       ] GC(7) Archive regions: 2->2
[2020-04-10T16:35:25.129+0700][gc,heap       ] GC(7) Humongous regions: 130->130
[2020-04-10T16:35:25.129+0700][gc,metaspace  ] GC(7) Metaspace: 27964K->27964K(1075200K)
[2020-04-10T16:35:25.129+0700][gc            ] GC(7) Pause Young (Normal) (G1 Evacuation Pause) 188M->141M(1024M) 5.561ms
[2020-04-10T16:35:25.129+0700][gc,cpu        ] GC(7) User=0.03s Sys=0.00s Real=0.00s
[2020-04-10T16:47:17.489+0700][gc,start      ] GC(8) Pause Young (Normal) (G1 Evacuation Pause)
[2020-04-10T16:47:17.489+0700][gc,task       ] GC(8) Using 8 workers of 8 for evacuation
[2020-04-10T16:47:17.496+0700][gc,phases     ] GC(8)   Pre Evacuate Collection Set: 0.0ms
[2020-04-10T16:47:17.496+0700][gc,phases     ] GC(8)   Evacuate Collection Set: 5.6ms
[2020-04-10T16:47:17.496+0700][gc,phases     ] GC(8)   Post Evacuate Collection Set: 0.4ms
[2020-04-10T16:47:17.496+0700][gc,phases     ] GC(8)   Other: 0.4ms
[2020-04-10T16:47:17.496+0700][gc,heap       ] GC(8) Eden regions: 49->0(58)
[2020-04-10T16:47:17.496+0700][gc,heap       ] GC(8) Survivor regions: 4->4(7)
[2020-04-10T16:47:17.496+0700][gc,heap       ] GC(8) Old regions: 8->8
[2020-04-10T16:47:17.496+0700][gc,heap       ] GC(8) Archive regions: 2->2
[2020-04-10T16:47:17.496+0700][gc,heap       ] GC(8) Humongous regions: 130->130
[2020-04-10T16:47:17.496+0700][gc,metaspace  ] GC(8) Metaspace: 28071K->28071K(1075200K)
[2020-04-10T16:47:17.496+0700][gc            ] GC(8) Pause Young (Normal) (G1 Evacuation Pause) 190M->141M(1024M) 6.617ms
[2020-04-10T16:47:17.496+0700][gc,cpu        ] GC(8) User=0.04s Sys=0.01s Real=0.01s
[2020-04-10T17:00:28.692+0700][gc,start      ] GC(9) Pause Young (Normal) (G1 Evacuation Pause)
[2020-04-10T17:00:28.692+0700][gc,task       ] GC(9) Using 8 workers of 8 for evacuation
[2020-04-10T17:00:28.700+0700][gc,phases     ] GC(9)   Pre Evacuate Collection Set: 0.0ms
[2020-04-10T17:00:28.700+0700][gc,phases     ] GC(9)   Evacuate Collection Set: 6.7ms
[2020-04-10T17:00:28.700+0700][gc,phases     ] GC(9)   Post Evacuate Collection Set: 0.4ms
[2020-04-10T17:00:28.700+0700][gc,phases     ] GC(9)   Other: 0.4ms
[2020-04-10T17:00:28.700+0700][gc,heap       ] GC(9) Eden regions: 58->0(68)
[2020-04-10T17:00:28.700+0700][gc,heap       ] GC(9) Survivor regions: 4->4(8)
[2020-04-10T17:00:28.700+0700][gc,heap       ] GC(9) Old regions: 8->8
[2020-04-10T17:00:28.700+0700][gc,heap       ] GC(9) Archive regions: 2->2
[2020-04-10T17:00:28.700+0700][gc,heap       ] GC(9) Humongous regions: 130->130
[2020-04-10T17:00:28.700+0700][gc,metaspace  ] GC(9) Metaspace: 28138K->28138K(1075200K)
[2020-04-10T17:00:28.700+0700][gc            ] GC(9) Pause Young (Normal) (G1 Evacuation Pause) 199M->142M(1024M) 7.714ms
[2020-04-10T17:00:28.700+0700][gc,cpu        ] GC(9) User=0.04s Sys=0.01s Real=0.01s
[2020-04-10T17:56:02.094+0700][gc,start      ] GC(10) Pause Young (Normal) (G1 Evacuation Pause)
[2020-04-10T17:56:02.094+0700][gc,task       ] GC(10) Using 8 workers of 8 for evacuation
[2020-04-10T17:56:02.103+0700][gc,phases     ] GC(10)   Pre Evacuate Collection Set: 0.0ms
[2020-04-10T17:56:02.103+0700][gc,phases     ] GC(10)   Evacuate Collection Set: 7.8ms
[2020-04-10T17:56:02.103+0700][gc,phases     ] GC(10)   Post Evacuate Collection Set: 0.4ms
[2020-04-10T17:56:02.103+0700][gc,phases     ] GC(10)   Other: 0.4ms
[2020-04-10T17:56:02.103+0700][gc,heap       ] GC(10) Eden regions: 68->0(71)
[2020-04-10T17:56:02.103+0700][gc,heap       ] GC(10) Survivor regions: 4->5(9)
[2020-04-10T17:56:02.103+0700][gc,heap       ] GC(10) Old regions: 8->8
[2020-04-10T17:56:02.103+0700][gc,heap       ] GC(10) Archive regions: 2->2
[2020-04-10T17:56:02.103+0700][gc,heap       ] GC(10) Humongous regions: 130->130
[2020-04-10T17:56:02.103+0700][gc,metaspace  ] GC(10) Metaspace: 28437K->28437K(1075200K)
[2020-04-10T17:56:02.103+0700][gc            ] GC(10) Pause Young (Normal) (G1 Evacuation Pause) 210M->142M(1024M) 8.851ms
[2020-04-10T17:56:02.103+0700][gc,cpu        ] GC(10) User=0.05s Sys=0.01s Real=0.01s
[2020-04-10T18:13:25.841+0700][gc,start      ] GC(11) Pause Young (Normal) (G1 Evacuation Pause)
[2020-04-10T18:13:25.842+0700][gc,task       ] GC(11) Using 8 workers of 8 for evacuation
[2020-04-10T18:13:25.850+0700][gc,phases     ] GC(11)   Pre Evacuate Collection Set: 0.0ms
[2020-04-10T18:13:25.850+0700][gc,phases     ] GC(11)   Evacuate Collection Set: 7.3ms
[2020-04-10T18:13:25.850+0700][gc,phases     ] GC(11)   Post Evacuate Collection Set: 0.4ms
[2020-04-10T18:13:25.850+0700][gc,phases     ] GC(11)   Other: 0.4ms
[2020-04-10T18:13:25.850+0700][gc,heap       ] GC(11) Eden regions: 71->0(95)
[2020-04-10T18:13:25.850+0700][gc,heap       ] GC(11) Survivor regions: 5->5(10)
[2020-04-10T18:13:25.850+0700][gc,heap       ] GC(11) Old regions: 8->8
[2020-04-10T18:13:25.850+0700][gc,heap       ] GC(11) Archive regions: 2->2
[2020-04-10T18:13:25.850+0700][gc,heap       ] GC(11) Humongous regions: 130->130
[2020-04-10T18:13:25.850+0700][gc,metaspace  ] GC(11) Metaspace: 28448K->28448K(1075200K)
[2020-04-10T18:13:25.850+0700][gc            ] GC(11) Pause Young (Normal) (G1 Evacuation Pause) 213M->142M(1024M) 8.408ms
[2020-04-10T18:13:25.850+0700][gc,cpu        ] GC(11) User=0.05s Sys=0.00s Real=0.01s
[2020-04-10T18:36:43.329+0700][gc,start      ] GC(12) Pause Young (Normal) (G1 Evacuation Pause)
[2020-04-10T18:36:43.329+0700][gc,task       ] GC(12) Using 8 workers of 8 for evacuation
[2020-04-10T18:36:43.339+0700][gc,phases     ] GC(12)   Pre Evacuate Collection Set: 0.0ms
[2020-04-10T18:36:43.339+0700][gc,phases     ] GC(12)   Evacuate Collection Set: 9.8ms
[2020-04-10T18:36:43.339+0700][gc,phases     ] GC(12)   Post Evacuate Collection Set: 0.5ms
[2020-04-10T18:36:43.339+0700][gc,phases     ] GC(12)   Other: 0.4ms
[2020-04-10T18:36:43.339+0700][gc,heap       ] GC(12) Eden regions: 95->0(108)
[2020-04-10T18:36:43.339+0700][gc,heap       ] GC(12) Survivor regions: 5->5(13)
[2020-04-10T18:36:43.339+0700][gc,heap       ] GC(12) Old regions: 8->8
[2020-04-10T18:36:43.339+0700][gc,heap       ] GC(12) Archive regions: 2->2
[2020-04-10T18:36:43.339+0700][gc,heap       ] GC(12) Humongous regions: 130->130
[2020-04-10T18:36:43.339+0700][gc,metaspace  ] GC(12) Metaspace: 28466K->28466K(1075200K)
[2020-04-10T18:36:43.339+0700][gc            ] GC(12) Pause Young (Normal) (G1 Evacuation Pause) 237M->142M(1024M) 10.954ms
[2020-04-10T18:36:43.340+0700][gc,cpu        ] GC(12) User=0.04s Sys=0.01s Real=0.02s
[2020-04-10T19:02:16.249+0700][gc,start      ] GC(13) Pause Young (Normal) (G1 Evacuation Pause)
[2020-04-10T19:02:16.250+0700][gc,task       ] GC(13) Using 8 workers of 8 for evacuation
[2020-04-10T19:02:16.258+0700][gc,phases     ] GC(13)   Pre Evacuate Collection Set: 0.0ms
[2020-04-10T19:02:16.258+0700][gc,phases     ] GC(13)   Evacuate Collection Set: 7.4ms
[2020-04-10T19:02:16.258+0700][gc,phases     ] GC(13)   Post Evacuate Collection Set: 0.4ms
[2020-04-10T19:02:16.258+0700][gc,phases     ] GC(13)   Other: 0.4ms
[2020-04-10T19:02:16.258+0700][gc,heap       ] GC(13) Eden regions: 108->0(306)
[2020-04-10T19:02:16.258+0700][gc,heap       ] GC(13) Survivor regions: 5->5(15)
[2020-04-10T19:02:16.258+0700][gc,heap       ] GC(13) Old regions: 8->8
[2020-04-10T19:02:16.258+0700][gc,heap       ] GC(13) Archive regions: 2->2
[2020-04-10T19:02:16.258+0700][gc,heap       ] GC(13) Humongous regions: 130->130
[2020-04-10T19:02:16.258+0700][gc,metaspace  ] GC(13) Metaspace: 28482K->28482K(1075200K)
[2020-04-10T19:02:16.258+0700][gc            ] GC(13) Pause Young (Normal) (G1 Evacuation Pause) 250M->142M(1024M) 8.409ms
[2020-04-10T19:02:16.258+0700][gc,cpu        ] GC(13) User=0.05s Sys=0.01s Real=0.01s
[2020-04-10T20:17:50.430+0700][gc,start      ] GC(14) Pause Young (Normal) (G1 Evacuation Pause)
[2020-04-10T20:17:50.431+0700][gc,task       ] GC(14) Using 8 workers of 8 for evacuation
[2020-04-10T20:17:50.439+0700][gc,phases     ] GC(14)   Pre Evacuate Collection Set: 0.0ms
[2020-04-10T20:17:50.439+0700][gc,phases     ] GC(14)   Evacuate Collection Set: 7.6ms
[2020-04-10T20:17:50.439+0700][gc,phases     ] GC(14)   Post Evacuate Collection Set: 0.5ms
[2020-04-10T20:17:50.439+0700][gc,phases     ] GC(14)   Other: 0.6ms
[2020-04-10T20:17:50.439+0700][gc,heap       ] GC(14) Eden regions: 306->0(501)
[2020-04-10T20:17:50.439+0700][gc,heap       ] GC(14) Survivor regions: 5->5(39)
[2020-04-10T20:17:50.439+0700][gc,heap       ] GC(14) Old regions: 8->8
[2020-04-10T20:17:50.439+0700][gc,heap       ] GC(14) Archive regions: 2->2
[2020-04-10T20:17:50.439+0700][gc,heap       ] GC(14) Humongous regions: 130->130
[2020-04-10T20:17:50.439+0700][gc,metaspace  ] GC(14) Metaspace: 28532K->28532K(1075200K)
[2020-04-10T20:17:50.439+0700][gc            ] GC(14) Pause Young (Normal) (G1 Evacuation Pause) 448M->142M(1024M) 8.991ms
[2020-04-10T20:17:50.440+0700][gc,cpu        ] GC(14) User=0.05s Sys=0.00s Real=0.01s
[2020-04-11T10:06:07.739+0700][gc,heap,exit  ] Heap
[2020-04-11T10:06:07.740+0700][gc,heap,exit  ]  garbage-first heap   total 1048576K, used 451131K [0x00000007c0000000, 0x0000000800000000)
[2020-04-11T10:06:07.740+0700][gc,heap,exit  ]   region size 1024K, 305 young (312320K), 5 survivors (5120K)
[2020-04-11T10:06:07.740+0700][gc,heap,exit  ]  Metaspace       used 29179K, capacity 29546K, committed 30336K, reserved 1075200K
[2020-04-11T10:06:07.740+0700][gc,heap,exit  ]   class space    used 3786K, capacity 3893K, committed 3968K, reserved 1048576K
