[2020-04-11T10:10:38.897+0700][gc,heap] Heap region size: 1M
[2020-04-11T10:10:38.904+0700][gc     ] Using G1
[2020-04-11T10:10:38.904+0700][gc,heap,coops] Heap address: 0x00000007c0000000, size: 1024 MB, Compressed Oops mode: Zero based, Oop shift amount: 3
[2020-04-11T10:10:38.905+0700][gc,cds       ] Mark closed archive regions in map: [0x00000007fff00000, 0x00000007fff6fff8]
[2020-04-11T10:10:38.905+0700][gc,cds       ] Mark open archive regions in map: [0x00000007ffe00000, 0x00000007ffe47ff8]
[2020-04-11T10:10:38.919+0700][gc           ] Periodic GC disabled
[2020-04-11T10:10:44.740+0700][gc,start     ] GC(0) Pause Young (Normal) (G1 Evacuation Pause)
[2020-04-11T10:10:44.740+0700][gc,task      ] GC(0) Using 8 workers of 8 for evacuation
[2020-04-11T10:10:44.748+0700][gc,phases    ] GC(0)   Pre Evacuate Collection Set: 0.0ms
[2020-04-11T10:10:44.748+0700][gc,phases    ] GC(0)   Evacuate Collection Set: 7.6ms
[2020-04-11T10:10:44.748+0700][gc,phases    ] GC(0)   Post Evacuate Collection Set: 0.3ms
[2020-04-11T10:10:44.748+0700][gc,phases    ] GC(0)   Other: 0.5ms
[2020-04-11T10:10:44.748+0700][gc,heap      ] GC(0) Eden regions: 51->0(45)
[2020-04-11T10:10:44.748+0700][gc,heap      ] GC(0) Survivor regions: 0->6(7)
[2020-04-11T10:10:44.748+0700][gc,heap      ] GC(0) Old regions: 0->0
[2020-04-11T10:10:44.748+0700][gc,heap      ] GC(0) Archive regions: 2->2
[2020-04-11T10:10:44.748+0700][gc,heap      ] GC(0) Humongous regions: 1->1
[2020-04-11T10:10:44.748+0700][gc,metaspace ] GC(0) Metaspace: 15561K->15561K(1062912K)
[2020-04-11T10:10:44.748+0700][gc           ] GC(0) Pause Young (Normal) (G1 Evacuation Pause) 52M->7M(1024M) 8.567ms
[2020-04-11T10:10:44.748+0700][gc,cpu       ] GC(0) User=0.02s Sys=0.00s Real=0.00s
[2020-04-11T10:10:45.238+0700][gc,start     ] GC(1) Pause Young (Concurrent Start) (Metadata GC Threshold)
[2020-04-11T10:10:45.238+0700][gc,task      ] GC(1) Using 8 workers of 8 for evacuation
[2020-04-11T10:10:45.245+0700][gc,phases    ] GC(1)   Pre Evacuate Collection Set: 0.0ms
[2020-04-11T10:10:45.245+0700][gc,phases    ] GC(1)   Evacuate Collection Set: 6.6ms
[2020-04-11T10:10:45.245+0700][gc,phases    ] GC(1)   Post Evacuate Collection Set: 0.4ms
[2020-04-11T10:10:45.245+0700][gc,phases    ] GC(1)   Other: 0.2ms
[2020-04-11T10:10:45.245+0700][gc,heap      ] GC(1) Eden regions: 30->0(48)
[2020-04-11T10:10:45.245+0700][gc,heap      ] GC(1) Survivor regions: 6->3(7)
[2020-04-11T10:10:45.245+0700][gc,heap      ] GC(1) Old regions: 0->6
[2020-04-11T10:10:45.245+0700][gc,heap      ] GC(1) Archive regions: 2->2
[2020-04-11T10:10:45.245+0700][gc,heap      ] GC(1) Humongous regions: 130->130
[2020-04-11T10:10:45.245+0700][gc,metaspace ] GC(1) Metaspace: 20561K->20561K(1067008K)
[2020-04-11T10:10:45.245+0700][gc           ] GC(1) Pause Young (Concurrent Start) (Metadata GC Threshold) 166M->138M(1024M) 7.341ms
[2020-04-11T10:10:45.245+0700][gc,cpu       ] GC(1) User=0.02s Sys=0.00s Real=0.01s
[2020-04-11T10:10:45.245+0700][gc           ] GC(2) Concurrent Cycle
[2020-04-11T10:10:45.245+0700][gc,marking   ] GC(2) Concurrent Clear Claimed Marks
[2020-04-11T10:10:45.245+0700][gc,marking   ] GC(2) Concurrent Clear Claimed Marks 0.022ms
[2020-04-11T10:10:45.245+0700][gc,marking   ] GC(2) Concurrent Scan Root Regions
[2020-04-11T10:10:45.248+0700][gc,marking   ] GC(2) Concurrent Scan Root Regions 2.475ms
[2020-04-11T10:10:45.248+0700][gc,marking   ] GC(2) Concurrent Mark (6.376s)
[2020-04-11T10:10:45.248+0700][gc,marking   ] GC(2) Concurrent Mark From Roots
[2020-04-11T10:10:45.248+0700][gc,task      ] GC(2) Using 2 workers of 2 for marking
[2020-04-11T10:10:45.249+0700][gc,marking   ] GC(2) Concurrent Mark From Roots 1.407ms
[2020-04-11T10:10:45.249+0700][gc,marking   ] GC(2) Concurrent Preclean
[2020-04-11T10:10:45.249+0700][gc,marking   ] GC(2) Concurrent Preclean 0.030ms
[2020-04-11T10:10:45.249+0700][gc,marking   ] GC(2) Concurrent Mark (6.376s, 6.378s) 1.501ms
[2020-04-11T10:10:45.249+0700][gc,start     ] GC(2) Pause Remark
[2020-04-11T10:10:45.250+0700][gc,stringtable] GC(2) Cleaned string table, strings: 6558 processed, 0 removed
[2020-04-11T10:10:45.250+0700][gc            ] GC(2) Pause Remark 139M->139M(1024M) 0.767ms
[2020-04-11T10:10:45.250+0700][gc,cpu        ] GC(2) User=0.00s Sys=0.00s Real=0.01s
[2020-04-11T10:10:45.250+0700][gc,marking    ] GC(2) Concurrent Rebuild Remembered Sets
[2020-04-11T10:10:45.252+0700][gc,marking    ] GC(2) Concurrent Rebuild Remembered Sets 1.771ms
[2020-04-11T10:10:45.252+0700][gc,start      ] GC(2) Pause Cleanup
[2020-04-11T10:10:45.252+0700][gc            ] GC(2) Pause Cleanup 139M->139M(1024M) 0.133ms
[2020-04-11T10:10:45.252+0700][gc,cpu        ] GC(2) User=0.00s Sys=0.00s Real=0.00s
[2020-04-11T10:10:45.252+0700][gc,marking    ] GC(2) Concurrent Cleanup for Next Mark
[2020-04-11T10:10:45.257+0700][gc,marking    ] GC(2) Concurrent Cleanup for Next Mark 4.987ms
[2020-04-11T10:10:45.257+0700][gc            ] GC(2) Concurrent Cycle 12.237ms
[2020-04-11T10:10:46.019+0700][gc,start      ] GC(3) Pause Young (Normal) (G1 Evacuation Pause)
[2020-04-11T10:10:46.019+0700][gc,task       ] GC(3) Using 8 workers of 8 for evacuation
[2020-04-11T10:10:46.021+0700][gc,phases     ] GC(3)   Pre Evacuate Collection Set: 0.0ms
[2020-04-11T10:10:46.021+0700][gc,phases     ] GC(3)   Evacuate Collection Set: 2.3ms
[2020-04-11T10:10:46.021+0700][gc,phases     ] GC(3)   Post Evacuate Collection Set: 0.2ms
[2020-04-11T10:10:46.021+0700][gc,phases     ] GC(3)   Other: 0.2ms
[2020-04-11T10:10:46.021+0700][gc,heap       ] GC(3) Eden regions: 48->0(47)
[2020-04-11T10:10:46.021+0700][gc,heap       ] GC(3) Survivor regions: 3->4(7)
[2020-04-11T10:10:46.021+0700][gc,heap       ] GC(3) Old regions: 6->6
[2020-04-11T10:10:46.021+0700][gc,heap       ] GC(3) Archive regions: 2->2
[2020-04-11T10:10:46.021+0700][gc,heap       ] GC(3) Humongous regions: 136->130
[2020-04-11T10:10:46.021+0700][gc,metaspace  ] GC(3) Metaspace: 25077K->25077K(1071104K)
[2020-04-11T10:10:46.021+0700][gc            ] GC(3) Pause Young (Normal) (G1 Evacuation Pause) 192M->139M(1024M) 2.774ms
[2020-04-11T10:10:46.021+0700][gc,cpu        ] GC(3) User=0.02s Sys=0.00s Real=0.01s
[2020-04-11T10:18:54.624+0700][gc,start      ] GC(4) Pause Young (Normal) (G1 Evacuation Pause)
[2020-04-11T10:18:54.624+0700][gc,task       ] GC(4) Using 8 workers of 8 for evacuation
[2020-04-11T10:18:54.631+0700][gc,phases     ] GC(4)   Pre Evacuate Collection Set: 0.0ms
[2020-04-11T10:18:54.631+0700][gc,phases     ] GC(4)   Evacuate Collection Set: 6.3ms
[2020-04-11T10:18:54.631+0700][gc,phases     ] GC(4)   Post Evacuate Collection Set: 0.4ms
[2020-04-11T10:18:54.631+0700][gc,phases     ] GC(4)   Other: 0.4ms
[2020-04-11T10:18:54.631+0700][gc,heap       ] GC(4) Eden regions: 47->0(46)
[2020-04-11T10:18:54.631+0700][gc,heap       ] GC(4) Survivor regions: 4->5(7)
[2020-04-11T10:18:54.631+0700][gc,heap       ] GC(4) Old regions: 6->6
[2020-04-11T10:18:54.631+0700][gc,heap       ] GC(4) Archive regions: 2->2
[2020-04-11T10:18:54.631+0700][gc,heap       ] GC(4) Humongous regions: 130->130
[2020-04-11T10:18:54.631+0700][gc,metaspace  ] GC(4) Metaspace: 27466K->27466K(1073152K)
[2020-04-11T10:18:54.631+0700][gc            ] GC(4) Pause Young (Normal) (G1 Evacuation Pause) 186M->140M(1024M) 7.424ms
[2020-04-11T10:18:54.632+0700][gc,cpu        ] GC(4) User=0.04s Sys=0.01s Real=0.01s
[2020-04-11T10:29:05.876+0700][gc,start      ] GC(5) Pause Young (Normal) (G1 Evacuation Pause)
[2020-04-11T10:29:05.876+0700][gc,task       ] GC(5) Using 8 workers of 8 for evacuation
[2020-04-11T10:29:05.879+0700][gc,phases     ] GC(5)   Pre Evacuate Collection Set: 0.0ms
[2020-04-11T10:29:05.879+0700][gc,phases     ] GC(5)   Evacuate Collection Set: 3.3ms
[2020-04-11T10:29:05.879+0700][gc,phases     ] GC(5)   Post Evacuate Collection Set: 0.2ms
[2020-04-11T10:29:05.879+0700][gc,phases     ] GC(5)   Other: 0.3ms
[2020-04-11T10:29:05.880+0700][gc,heap       ] GC(5) Eden regions: 46->0(47)
[2020-04-11T10:29:05.880+0700][gc,heap       ] GC(5) Survivor regions: 5->4(7)
[2020-04-11T10:29:05.880+0700][gc,heap       ] GC(5) Old regions: 6->8
[2020-04-11T10:29:05.880+0700][gc,heap       ] GC(5) Archive regions: 2->2
[2020-04-11T10:29:05.880+0700][gc,heap       ] GC(5) Humongous regions: 130->130
[2020-04-11T10:29:05.880+0700][gc,metaspace  ] GC(5) Metaspace: 27662K->27662K(1075200K)
[2020-04-11T10:29:05.880+0700][gc            ] GC(5) Pause Young (Normal) (G1 Evacuation Pause) 186M->141M(1024M) 3.969ms
[2020-04-11T10:29:05.880+0700][gc,cpu        ] GC(5) User=0.02s Sys=0.00s Real=0.01s
[2020-04-11T10:39:45.908+0700][gc,start      ] GC(6) Pause Young (Normal) (G1 Evacuation Pause)
[2020-04-11T10:39:45.908+0700][gc,task       ] GC(6) Using 8 workers of 8 for evacuation
[2020-04-11T10:39:45.912+0700][gc,phases     ] GC(6)   Pre Evacuate Collection Set: 0.0ms
[2020-04-11T10:39:45.912+0700][gc,phases     ] GC(6)   Evacuate Collection Set: 3.6ms
[2020-04-11T10:39:45.912+0700][gc,phases     ] GC(6)   Post Evacuate Collection Set: 0.4ms
[2020-04-11T10:39:45.912+0700][gc,phases     ] GC(6)   Other: 0.2ms
[2020-04-11T10:39:45.912+0700][gc,heap       ] GC(6) Eden regions: 47->0(47)
[2020-04-11T10:39:45.912+0700][gc,heap       ] GC(6) Survivor regions: 4->4(7)
[2020-04-11T10:39:45.912+0700][gc,heap       ] GC(6) Old regions: 8->8
[2020-04-11T10:39:45.912+0700][gc,heap       ] GC(6) Archive regions: 2->2
[2020-04-11T10:39:45.912+0700][gc,heap       ] GC(6) Humongous regions: 130->130
[2020-04-11T10:39:45.912+0700][gc,metaspace  ] GC(6) Metaspace: 27830K->27830K(1075200K)
[2020-04-11T10:39:45.912+0700][gc            ] GC(6) Pause Young (Normal) (G1 Evacuation Pause) 188M->141M(1024M) 4.403ms
[2020-04-11T10:39:45.912+0700][gc,cpu        ] GC(6) User=0.02s Sys=0.00s Real=0.01s
[2020-04-11T10:50:52.349+0700][gc,start      ] GC(7) Pause Young (Normal) (G1 Evacuation Pause)
[2020-04-11T10:50:52.350+0700][gc,task       ] GC(7) Using 8 workers of 8 for evacuation
[2020-04-11T10:50:52.354+0700][gc,phases     ] GC(7)   Pre Evacuate Collection Set: 0.0ms
[2020-04-11T10:50:52.354+0700][gc,phases     ] GC(7)   Evacuate Collection Set: 3.8ms
[2020-04-11T10:50:52.354+0700][gc,phases     ] GC(7)   Post Evacuate Collection Set: 0.3ms
[2020-04-11T10:50:52.354+0700][gc,phases     ] GC(7)   Other: 0.2ms
[2020-04-11T10:50:52.354+0700][gc,heap       ] GC(7) Eden regions: 47->0(50)
[2020-04-11T10:50:52.354+0700][gc,heap       ] GC(7) Survivor regions: 4->4(7)
[2020-04-11T10:50:52.354+0700][gc,heap       ] GC(7) Old regions: 8->8
[2020-04-11T10:50:52.354+0700][gc,heap       ] GC(7) Archive regions: 2->2
[2020-04-11T10:50:52.354+0700][gc,heap       ] GC(7) Humongous regions: 130->130
[2020-04-11T10:50:52.354+0700][gc,metaspace  ] GC(7) Metaspace: 27925K->27925K(1075200K)
[2020-04-11T10:50:52.354+0700][gc            ] GC(7) Pause Young (Normal) (G1 Evacuation Pause) 188M->142M(1024M) 4.604ms
[2020-04-11T10:50:52.354+0700][gc,cpu        ] GC(7) User=0.02s Sys=0.00s Real=0.01s
[2020-04-11T11:03:09.371+0700][gc,start      ] GC(8) Pause Young (Normal) (G1 Evacuation Pause)
[2020-04-11T11:03:09.372+0700][gc,task       ] GC(8) Using 8 workers of 8 for evacuation
[2020-04-11T11:03:09.377+0700][gc,phases     ] GC(8)   Pre Evacuate Collection Set: 0.0ms
[2020-04-11T11:03:09.378+0700][gc,phases     ] GC(8)   Evacuate Collection Set: 5.3ms
[2020-04-11T11:03:09.378+0700][gc,phases     ] GC(8)   Post Evacuate Collection Set: 0.4ms
[2020-04-11T11:03:09.378+0700][gc,phases     ] GC(8)   Other: 0.4ms
[2020-04-11T11:03:09.378+0700][gc,heap       ] GC(8) Eden regions: 50->0(56)
[2020-04-11T11:03:09.378+0700][gc,heap       ] GC(8) Survivor regions: 4->4(7)
[2020-04-11T11:03:09.378+0700][gc,heap       ] GC(8) Old regions: 8->8
[2020-04-11T11:03:09.378+0700][gc,heap       ] GC(8) Archive regions: 2->2
[2020-04-11T11:03:09.378+0700][gc,heap       ] GC(8) Humongous regions: 130->130
[2020-04-11T11:03:09.378+0700][gc,metaspace  ] GC(8) Metaspace: 28044K->28044K(1075200K)
[2020-04-11T11:03:09.378+0700][gc            ] GC(8) Pause Young (Normal) (G1 Evacuation Pause) 192M->142M(1024M) 6.329ms
[2020-04-11T11:03:09.378+0700][gc,cpu        ] GC(8) User=0.04s Sys=0.00s Real=0.00s
[2020-04-11T11:15:55.270+0700][gc,start      ] GC(9) Pause Young (Normal) (G1 Evacuation Pause)
[2020-04-11T11:15:55.270+0700][gc,task       ] GC(9) Using 8 workers of 8 for evacuation
[2020-04-11T11:15:55.277+0700][gc,phases     ] GC(9)   Pre Evacuate Collection Set: 0.0ms
[2020-04-11T11:15:55.277+0700][gc,phases     ] GC(9)   Evacuate Collection Set: 6.3ms
[2020-04-11T11:15:55.277+0700][gc,phases     ] GC(9)   Post Evacuate Collection Set: 0.4ms
[2020-04-11T11:15:55.277+0700][gc,phases     ] GC(9)   Other: 0.4ms
[2020-04-11T11:15:55.277+0700][gc,heap       ] GC(9) Eden regions: 56->0(392)
[2020-04-11T11:15:55.277+0700][gc,heap       ] GC(9) Survivor regions: 4->5(8)
[2020-04-11T11:15:55.277+0700][gc,heap       ] GC(9) Old regions: 8->8
[2020-04-11T11:15:55.277+0700][gc,heap       ] GC(9) Archive regions: 2->2
[2020-04-11T11:15:55.277+0700][gc,heap       ] GC(9) Humongous regions: 130->130
[2020-04-11T11:15:55.277+0700][gc,metaspace  ] GC(9) Metaspace: 28114K->28114K(1075200K)
[2020-04-11T11:15:55.277+0700][gc            ] GC(9) Pause Young (Normal) (G1 Evacuation Pause) 198M->142M(1024M) 7.343ms
[2020-04-11T11:15:55.277+0700][gc,cpu        ] GC(9) User=0.04s Sys=0.01s Real=0.00s
[2020-04-11T12:52:19.357+0700][gc,start      ] GC(10) Pause Young (Normal) (G1 Evacuation Pause)
[2020-04-11T12:52:19.358+0700][gc,task       ] GC(10) Using 8 workers of 8 for evacuation
[2020-04-11T12:52:19.365+0700][gc,phases     ] GC(10)   Pre Evacuate Collection Set: 0.0ms
[2020-04-11T12:52:19.365+0700][gc,phases     ] GC(10)   Evacuate Collection Set: 6.2ms
[2020-04-11T12:52:19.365+0700][gc,phases     ] GC(10)   Post Evacuate Collection Set: 0.7ms
[2020-04-11T12:52:19.365+0700][gc,phases     ] GC(10)   Other: 0.6ms
[2020-04-11T12:52:19.365+0700][gc,heap       ] GC(10) Eden regions: 392->0(304)
[2020-04-11T12:52:19.365+0700][gc,heap       ] GC(10) Survivor regions: 5->5(50)
[2020-04-11T12:52:19.365+0700][gc,heap       ] GC(10) Old regions: 8->8
[2020-04-11T12:52:19.365+0700][gc,heap       ] GC(10) Archive regions: 2->2
[2020-04-11T12:52:19.365+0700][gc,heap       ] GC(10) Humongous regions: 130->130
[2020-04-11T12:52:19.365+0700][gc,metaspace  ] GC(10) Metaspace: 28169K->28169K(1075200K)
[2020-04-11T12:52:19.365+0700][gc            ] GC(10) Pause Young (Normal) (G1 Evacuation Pause) 534M->142M(1024M) 7.812ms
[2020-04-11T12:52:19.365+0700][gc,cpu        ] GC(10) User=0.04s Sys=0.00s Real=0.01s
[2020-04-11T15:28:50.170+0700][gc,start      ] GC(11) Pause Young (Normal) (G1 Evacuation Pause)
[2020-04-11T15:28:50.170+0700][gc,task       ] GC(11) Using 8 workers of 8 for evacuation
[2020-04-11T15:28:50.179+0700][gc,phases     ] GC(11)   Pre Evacuate Collection Set: 0.0ms
[2020-04-11T15:28:50.179+0700][gc,phases     ] GC(11)   Evacuate Collection Set: 8.3ms
[2020-04-11T15:28:50.179+0700][gc,phases     ] GC(11)   Post Evacuate Collection Set: 0.5ms
[2020-04-11T15:28:50.179+0700][gc,phases     ] GC(11)   Other: 0.4ms
[2020-04-11T15:28:50.179+0700][gc,heap       ] GC(11) Eden regions: 304->0(463)
[2020-04-11T15:28:50.179+0700][gc,heap       ] GC(11) Survivor regions: 5->5(39)
[2020-04-11T15:28:50.179+0700][gc,heap       ] GC(11) Old regions: 8->8
[2020-04-11T15:28:50.179+0700][gc,heap       ] GC(11) Archive regions: 2->2
[2020-04-11T15:28:50.179+0700][gc,heap       ] GC(11) Humongous regions: 130->130
[2020-04-11T15:28:50.179+0700][gc,metaspace  ] GC(11) Metaspace: 28427K->28427K(1075200K)
[2020-04-11T15:28:50.180+0700][gc            ] GC(11) Pause Young (Normal) (G1 Evacuation Pause) 446M->142M(1024M) 9.396ms
[2020-04-11T15:28:50.180+0700][gc,cpu        ] GC(11) User=0.05s Sys=0.00s Real=0.01s
[2020-04-13T13:28:25.062+0700][gc,heap,exit  ] Heap
[2020-04-13T13:28:25.063+0700][gc,heap,exit  ]  garbage-first heap   total 1048576K, used 571176K [0x00000007c0000000, 0x0000000800000000)
[2020-04-13T13:28:25.063+0700][gc,heap,exit  ]   region size 1024K, 422 young (432128K), 5 survivors (5120K)
[2020-04-13T13:28:25.063+0700][gc,heap,exit  ]  Metaspace       used 28548K, capacity 28902K, committed 29696K, reserved 1075200K
[2020-04-13T13:28:25.063+0700][gc,heap,exit  ]   class space    used 3678K, capacity 3765K, committed 3840K, reserved 1048576K
