[2020-04-10T15:54:28.511+0700][gc,heap] Heap region size: 1M
[2020-04-10T15:54:28.515+0700][gc     ] Using G1
[2020-04-10T15:54:28.515+0700][gc,heap,coops] Heap address: 0x00000007e0000000, size: 512 MB, Compressed Oops mode: Zero based, Oop shift amount: 3
[2020-04-10T15:54:28.515+0700][gc,cds       ] Mark closed archive regions in map: [0x00000007fff00000, 0x00000007fff6fff8]
[2020-04-10T15:54:28.515+0700][gc,cds       ] Mark open archive regions in map: [0x00000007ffe00000, 0x00000007ffe47ff8]
[2020-04-10T15:54:28.530+0700][gc           ] Periodic GC disabled
[2020-04-10T17:05:55.822+0700][gc,start     ] GC(0) Pause Young (Normal) (G1 Evacuation Pause)
[2020-04-10T17:05:55.823+0700][gc,task      ] GC(0) Using 8 workers of 8 for evacuation
[2020-04-10T17:05:55.837+0700][gc,phases    ] GC(0)   Pre Evacuate Collection Set: 0.0ms
[2020-04-10T17:05:55.837+0700][gc,phases    ] GC(0)   Evacuate Collection Set: 13.3ms
[2020-04-10T17:05:55.837+0700][gc,phases    ] GC(0)   Post Evacuate Collection Set: 0.4ms
[2020-04-10T17:05:55.837+0700][gc,phases    ] GC(0)   Other: 1.2ms
[2020-04-10T17:05:55.837+0700][gc,heap      ] GC(0) Eden regions: 25->0(21)
[2020-04-10T17:05:55.837+0700][gc,heap      ] GC(0) Survivor regions: 0->4(4)
[2020-04-10T17:05:55.837+0700][gc,heap      ] GC(0) Old regions: 0->1
[2020-04-10T17:05:55.837+0700][gc,heap      ] GC(0) Archive regions: 2->2
[2020-04-10T17:05:55.837+0700][gc,heap      ] GC(0) Humongous regions: 1->1
[2020-04-10T17:05:55.837+0700][gc,metaspace ] GC(0) Metaspace: 7336K->7336K(1056768K)
[2020-04-10T17:05:55.837+0700][gc           ] GC(0) Pause Young (Normal) (G1 Evacuation Pause) 26M->6M(512M) 15.231ms
[2020-04-10T17:05:55.837+0700][gc,cpu       ] GC(0) User=0.05s Sys=0.02s Real=0.01s
[2020-04-10T20:47:45.411+0700][gc,heap,exit ] Heap
[2020-04-10T20:47:45.411+0700][gc,heap,exit ]  garbage-first heap   total 524288K, used 22999K [0x00000007e0000000, 0x0000000800000000)
[2020-04-10T20:47:45.411+0700][gc,heap,exit ]   region size 1024K, 21 young (21504K), 4 survivors (4096K)
[2020-04-10T20:47:45.411+0700][gc,heap,exit ]  Metaspace       used 7459K, capacity 7678K, committed 7936K, reserved 1056768K
[2020-04-10T20:47:45.411+0700][gc,heap,exit ]   class space    used 808K, capacity 901K, committed 1024K, reserved 1048576K
