[2020-04-11T10:05:56.800+0700][gc,heap] Heap region size: 1M
[2020-04-11T10:05:56.804+0700][gc     ] Using G1
[2020-04-11T10:05:56.804+0700][gc,heap,coops] Heap address: 0x00000007e0000000, size: 512 MB, Compressed Oops mode: Zero based, Oop shift amount: 3
[2020-04-11T10:05:56.805+0700][gc,cds       ] Mark closed archive regions in map: [0x00000007fff00000, 0x00000007fff6fff8]
[2020-04-11T10:05:56.805+0700][gc,cds       ] Mark open archive regions in map: [0x00000007ffe00000, 0x00000007ffe47ff8]
[2020-04-11T10:05:56.819+0700][gc           ] Periodic GC disabled
[2020-04-11T10:07:12.050+0700][gc,heap,exit ] Heap
[2020-04-11T10:07:12.050+0700][gc,heap,exit ]  garbage-first heap   total 524288K, used 22240K [0x00000007e0000000, 0x0000000800000000)
[2020-04-11T10:07:12.050+0700][gc,heap,exit ]   region size 1024K, 21 young (21504K), 0 survivors (0K)
[2020-04-11T10:07:12.050+0700][gc,heap,exit ]  Metaspace       used 7305K, capacity 7550K, committed 7936K, reserved 1056768K
[2020-04-11T10:07:12.050+0700][gc,heap,exit ]   class space    used 801K, capacity 901K, committed 1024K, reserved 1048576K
