[2020-04-09T13:06:14.070+0700][gc,heap] Heap region size: 1M
[2020-04-09T13:06:14.074+0700][gc     ] Using G1
[2020-04-09T13:06:14.074+0700][gc,heap,coops] Heap address: 0x00000007e0000000, size: 512 MB, Compressed Oops mode: Zero based, Oop shift amount: 3
[2020-04-09T13:06:14.075+0700][gc,cds       ] Mark closed archive regions in map: [0x00000007fff00000, 0x00000007fff6fff8]
[2020-04-09T13:06:14.075+0700][gc,cds       ] Mark open archive regions in map: [0x00000007ffe00000, 0x00000007ffe47ff8]
[2020-04-09T13:06:14.090+0700][gc           ] Periodic GC disabled
[2020-04-09T14:11:31.630+0700][gc,start     ] GC(0) Pause Young (Normal) (G1 Evacuation Pause)
[2020-04-09T14:11:31.631+0700][gc,task      ] GC(0) Using 8 workers of 8 for evacuation
[2020-04-09T14:11:31.645+0700][gc,phases    ] GC(0)   Pre Evacuate Collection Set: 0.1ms
[2020-04-09T14:11:31.645+0700][gc,phases    ] GC(0)   Evacuate Collection Set: 14.0ms
[2020-04-09T14:11:31.645+0700][gc,phases    ] GC(0)   Post Evacuate Collection Set: 0.5ms
[2020-04-09T14:11:31.645+0700][gc,phases    ] GC(0)   Other: 1.2ms
[2020-04-09T14:11:31.645+0700][gc,heap      ] GC(0) Eden regions: 25->0(21)
[2020-04-09T14:11:31.645+0700][gc,heap      ] GC(0) Survivor regions: 0->4(4)
[2020-04-09T14:11:31.646+0700][gc,heap      ] GC(0) Old regions: 0->1
[2020-04-09T14:11:31.646+0700][gc,heap      ] GC(0) Archive regions: 2->2
[2020-04-09T14:11:31.646+0700][gc,heap      ] GC(0) Humongous regions: 1->1
[2020-04-09T14:11:31.646+0700][gc,metaspace ] GC(0) Metaspace: 7376K->7376K(1056768K)
[2020-04-09T14:11:31.646+0700][gc           ] GC(0) Pause Young (Normal) (G1 Evacuation Pause) 26M->6M(512M) 15.980ms
[2020-04-09T14:11:31.646+0700][gc,cpu       ] GC(0) User=0.06s Sys=0.01s Real=0.01s
[2020-04-09T15:43:04.951+0700][gc,heap,exit ] Heap
[2020-04-09T15:43:04.951+0700][gc,heap,exit ]  garbage-first heap   total 524288K, used 13957K [0x00000007e0000000, 0x0000000800000000)
[2020-04-09T15:43:04.951+0700][gc,heap,exit ]   region size 1024K, 12 young (12288K), 4 survivors (4096K)
[2020-04-09T15:43:04.951+0700][gc,heap,exit ]  Metaspace       used 7385K, capacity 7678K, committed 7936K, reserved 1056768K
[2020-04-09T15:43:04.951+0700][gc,heap,exit ]   class space    used 801K, capacity 901K, committed 1024K, reserved 1048576K
