[2020-04-07T22:19:33.561+0700][gc,heap] Heap region size: 1M
[2020-04-07T22:19:33.565+0700][gc     ] Using G1
[2020-04-07T22:19:33.565+0700][gc,heap,coops] Heap address: 0x00000007e0000000, size: 512 MB, Compressed Oops mode: Zero based, Oop shift amount: 3
[2020-04-07T22:19:33.566+0700][gc,cds       ] Mark closed archive regions in map: [0x00000007fff00000, 0x00000007fff6fff8]
[2020-04-07T22:19:33.566+0700][gc,cds       ] Mark open archive regions in map: [0x00000007ffe00000, 0x00000007ffe47ff8]
[2020-04-07T22:19:33.581+0700][gc           ] Periodic GC disabled
[2020-04-07T23:31:46.164+0700][gc,start     ] GC(0) Pause Young (Normal) (G1 Evacuation Pause)
[2020-04-07T23:31:46.165+0700][gc,task      ] GC(0) Using 8 workers of 8 for evacuation
[2020-04-07T23:31:46.181+0700][gc,phases    ] GC(0)   Pre Evacuate Collection Set: 0.0ms
[2020-04-07T23:31:46.181+0700][gc,phases    ] GC(0)   Evacuate Collection Set: 15.7ms
[2020-04-07T23:31:46.181+0700][gc,phases    ] GC(0)   Post Evacuate Collection Set: 0.4ms
[2020-04-07T23:31:46.181+0700][gc,phases    ] GC(0)   Other: 1.3ms
[2020-04-07T23:31:46.181+0700][gc,heap      ] GC(0) Eden regions: 25->0(21)
[2020-04-07T23:31:46.181+0700][gc,heap      ] GC(0) Survivor regions: 0->4(4)
[2020-04-07T23:31:46.181+0700][gc,heap      ] GC(0) Old regions: 0->1
[2020-04-07T23:31:46.181+0700][gc,heap      ] GC(0) Archive regions: 2->2
[2020-04-07T23:31:46.181+0700][gc,heap      ] GC(0) Humongous regions: 1->1
[2020-04-07T23:31:46.181+0700][gc,metaspace ] GC(0) Metaspace: 7312K->7312K(1056768K)
[2020-04-07T23:31:46.181+0700][gc           ] GC(0) Pause Young (Normal) (G1 Evacuation Pause) 26M->6M(512M) 17.505ms
[2020-04-07T23:31:46.181+0700][gc,cpu       ] GC(0) User=0.06s Sys=0.02s Real=0.02s
[2020-04-08T02:06:40.445+0700][gc,heap,exit ] Heap
[2020-04-08T02:06:40.446+0700][gc,heap,exit ]  garbage-first heap   total 524288K, used 21092K [0x00000007e0000000, 0x0000000800000000)
[2020-04-08T02:06:40.446+0700][gc,heap,exit ]   region size 1024K, 19 young (19456K), 4 survivors (4096K)
[2020-04-08T02:06:40.446+0700][gc,heap,exit ]  Metaspace       used 7430K, capacity 7678K, committed 7936K, reserved 1056768K
[2020-04-08T02:06:40.446+0700][gc,heap,exit ]   class space    used 807K, capacity 901K, committed 1024K, reserved 1048576K
